// Jest Snapshot v1, https://goo.gl/fbAQLP

exports[`renders <Files /> without throwing 1`] = `
.c7 {
  -webkit-fill: ;
  fill: ;
  stroke: ;
  -webkit-animation: iCqDak 1.5s ease-out 0s infinite;
  animation: iCqDak 1.5s ease-out 0s infinite;
}

.c8 {
  -webkit-fill: ;
  fill: ;
  stroke: ;
  -webkit-animation: iCqDak 1.5s ease-out 0s infinite;
  animation: iCqDak 1.5s ease-out 0s infinite;
  -webkit-animation-delay: 0.5s;
  animation-delay: 0.5s;
}

.c9 {
  -webkit-fill: ;
  fill: ;
  stroke: ;
  -webkit-animation: iCqDak 1.5s ease-out 0s infinite;
  animation: iCqDak 1.5s ease-out 0s infinite;
  -webkit-animation-delay: 1s;
  animation-delay: 1s;
}

.c2 {
  padding: 0.35em 0.75em 0.625em;
  display: inline-block;
  margin: 0;
  padding: 0;
  border: none;
  overflow: hidden;
  width: 100%;
  height: auto;
  -webkit-margin-start: 0;
  -webkit-margin-end: 0;
  -webkit-padding-before: 0;
  -webkit-padding-start: 0;
  -webkit-padding-end: 0;
  -webkit-padding-after: 0;
}

.c5 {
  box-sizing: border-box;
  width: 100%;
  height: 3rem;
  margin-bottom: 0.5rem;
  margin-top: 0.5rem;
  padding: 0.8125rem 1.125rem;
  border-radius: 0.25rem;
  background-color: ;
  border: 0.0625rem solid;
  font-size: 0.9375rem;
  line-height: normal !important;
  font-weight: 400;
  font-style: normal;
  font-stretch: normal;
  color: ;
  -webkit-appearance: none;
  -moz-appearance: none;
  appearance: none;
  outline: 0;
}

.c5:focus {
  border-color: ;
  outline: 0;
}

.c1 {
  box-sizing: border-box;
  display: -webkit-box;
  display: -webkit-flex;
  display: -ms-flexbox;
  display: flex;
  -webkit-flex: 0 1 auto;
  -ms-flex: 0 1 auto;
  flex: 0 1 auto;
  -webkit-flex-direction: row;
  -ms-flex-direction: row;
  flex-direction: row;
  -webkit-flex-wrap: wrap;
  -ms-flex-wrap: wrap;
  flex-wrap: wrap;
  margin-right: -0.5rem;
  margin-left: -0.5rem;
  position: relative;
  height: auto;
  min-height: 7.875rem;
  margin-bottom: 0.625rem;
  border: 0.0625rem solid;
  background-color: ;
  box-shadow: 0 0.125rem 0 0 rgba(0,0,0,0.05);
  -webkit-flex-direction: column;
  -ms-flex-direction: column;
  flex-direction: column;
  margin-right: 0rem;
  margin-left: 0rem;
}

.c6 {
  display: -webkit-box;
  display: -webkit-flex;
  display: -ms-flexbox;
  display: flex;
  -webkit-flex-direction: column;
  -ms-flex-direction: column;
  flex-direction: column;
  -webkit-flex-wrap: nowrap;
  -ms-flex-wrap: nowrap;
  flex-wrap: nowrap;
  -webkit-box-pack: center;
  -webkit-justify-content: center;
  -ms-flex-pack: center;
  justify-content: center;
  -webkit-align-content: center;
  -ms-flex-line-pack: center;
  align-content: center;
  -webkit-align-items: center;
  -webkit-box-align: center;
  -ms-flex-align: center;
  align-items: center;
  -webkit-flex: 1 0 auto;
  -ms-flex: 1 0 auto;
  flex: 1 0 auto;
  -webkit-align-self: stretch;
  -ms-flex-item-align: stretch;
  align-self: stretch;
}

.c10 {
  font-family: "Libre Franklin",-apple-system,BlinkMacSystemFont,"Segoe UI",Roboto,Oxygen-Sans,Ubuntu,Cantarell,Helvetica,sans-serif;
  font-weight: 400;
  line-height: 1.5rem;
  font-size: 0.9375rem;
  -webkit-flex: 0 0 auto;
  -ms-flex: 0 0 auto;
  flex: 0 0 auto;
  -webkit-align-self: stretch;
  -ms-flex-item-align: stretch;
  align-self: stretch;
  text-align: center;
  margin-bottom: 0;
}

.c3 {
  display: -webkit-box;
  display: -webkit-flex;
  display: -ms-flexbox;
  display: flex;
  -webkit-flex-direction: row;
  -ms-flex-direction: row;
  flex-direction: row;
  -webkit-flex-wrap: nowrap;
  -ms-flex-wrap: nowrap;
  flex-wrap: nowrap;
  -webkit-box-pack: space-between;
  -webkit-justify-content: space-between;
  -ms-flex-pack: space-between;
  justify-content: space-between;
  -webkit-align-content: stretch;
  -ms-flex-line-pack: stretch;
  align-content: stretch;
  -webkit-align-items: stretch;
  -webkit-box-align: stretch;
  -ms-flex-align: stretch;
  align-items: stretch;
}

.c4 {
  -webkit-order: 0;
  -ms-flex-order: 0;
  order: 0;
  -webkit-flex: 1 1 auto;
  -ms-flex: 1 1 auto;
  flex: 1 1 auto;
  -webkit-align-self: stretch;
  -ms-flex-item-align: stretch;
  align-self: stretch;
  margin: 0 0 0.8125rem 0;
}

.c0 {
  padding: 1.5rem 1.1875rem;
}

<div>
  .c7 {
  -webkit-fill: ;
  fill: ;
  stroke: ;
  -webkit-animation: iCqDak 1.5s ease-out 0s infinite;
  animation: iCqDak 1.5s ease-out 0s infinite;
}

.c8 {
  -webkit-fill: ;
  fill: ;
  stroke: ;
  -webkit-animation: iCqDak 1.5s ease-out 0s infinite;
  animation: iCqDak 1.5s ease-out 0s infinite;
  -webkit-animation-delay: 0.5s;
  animation-delay: 0.5s;
}

.c9 {
  -webkit-fill: ;
  fill: ;
  stroke: ;
  -webkit-animation: iCqDak 1.5s ease-out 0s infinite;
  animation: iCqDak 1.5s ease-out 0s infinite;
  -webkit-animation-delay: 1s;
  animation-delay: 1s;
}

.c2 {
  padding: 0.35em 0.75em 0.625em;
  display: inline-block;
  margin: 0;
  padding: 0;
  border: none;
  overflow: hidden;
  width: 100%;
  height: auto;
  -webkit-margin-start: 0;
  -webkit-margin-end: 0;
  -webkit-padding-before: 0;
  -webkit-padding-start: 0;
  -webkit-padding-end: 0;
  -webkit-padding-after: 0;
}

.c5 {
  box-sizing: border-box;
  width: 100%;
  height: 3rem;
  margin-bottom: 0.5rem;
  margin-top: 0.5rem;
  padding: 0.8125rem 1.125rem;
  border-radius: 0.25rem;
  background-color: ;
  border: 0.0625rem solid;
  font-size: 0.9375rem;
  line-height: normal !important;
  font-weight: 400;
  font-style: normal;
  font-stretch: normal;
  color: ;
  -webkit-appearance: none;
  -moz-appearance: none;
  appearance: none;
  outline: 0;
}

.c5:focus {
  border-color: ;
  outline: 0;
}

.c1 {
  box-sizing: border-box;
  display: -webkit-box;
  display: -webkit-flex;
  display: -ms-flexbox;
  display: flex;
  -webkit-flex: 0 1 auto;
  -ms-flex: 0 1 auto;
  flex: 0 1 auto;
  -webkit-flex-direction: row;
  -ms-flex-direction: row;
  flex-direction: row;
  -webkit-flex-wrap: wrap;
  -ms-flex-wrap: wrap;
  flex-wrap: wrap;
  margin-right: -0.5rem;
  margin-left: -0.5rem;
  position: relative;
  height: auto;
  min-height: 7.875rem;
  margin-bottom: 0.625rem;
  border: 0.0625rem solid;
  background-color: ;
  box-shadow: 0 0.125rem 0 0 rgba(0,0,0,0.05);
  -webkit-flex-direction: column;
  -ms-flex-direction: column;
  flex-direction: column;
  margin-right: 0rem;
  margin-left: 0rem;
}

.c6 {
  display: -webkit-box;
  display: -webkit-flex;
  display: -ms-flexbox;
  display: flex;
  -webkit-flex-direction: column;
  -ms-flex-direction: column;
  flex-direction: column;
  -webkit-flex-wrap: nowrap;
  -ms-flex-wrap: nowrap;
  flex-wrap: nowrap;
  -webkit-box-pack: center;
  -webkit-justify-content: center;
  -ms-flex-pack: center;
  justify-content: center;
  -webkit-align-content: center;
  -ms-flex-line-pack: center;
  align-content: center;
  -webkit-align-items: center;
  -webkit-box-align: center;
  -ms-flex-align: center;
  align-items: center;
  -webkit-flex: 1 0 auto;
  -ms-flex: 1 0 auto;
  flex: 1 0 auto;
  -webkit-align-self: stretch;
  -ms-flex-item-align: stretch;
  align-self: stretch;
}

.c10 {
  font-family: "Libre Franklin",-apple-system,BlinkMacSystemFont,"Segoe UI",Roboto,Oxygen-Sans,Ubuntu,Cantarell,Helvetica,sans-serif;
  font-weight: 400;
  line-height: 1.5rem;
  font-size: 0.9375rem;
  -webkit-flex: 0 0 auto;
  -ms-flex: 0 0 auto;
  flex: 0 0 auto;
  -webkit-align-self: stretch;
  -ms-flex-item-align: stretch;
  align-self: stretch;
  text-align: center;
  margin-bottom: 0;
}

.c3 {
  display: -webkit-box;
  display: -webkit-flex;
  display: -ms-flexbox;
  display: flex;
  -webkit-flex-direction: row;
  -ms-flex-direction: row;
  flex-direction: row;
  -webkit-flex-wrap: nowrap;
  -ms-flex-wrap: nowrap;
  flex-wrap: nowrap;
  -webkit-box-pack: space-between;
  -webkit-justify-content: space-between;
  -ms-flex-pack: space-between;
  justify-content: space-between;
  -webkit-align-content: stretch;
  -ms-flex-line-pack: stretch;
  align-content: stretch;
  -webkit-align-items: stretch;
  -webkit-box-align: stretch;
  -ms-flex-align: stretch;
  align-items: stretch;
}

.c4 {
  -webkit-order: 0;
  -ms-flex-order: 0;
  order: 0;
  -webkit-flex: 1 1 auto;
  -ms-flex: 1 1 auto;
  flex: 1 1 auto;
  -webkit-align-self: stretch;
  -ms-flex-item-align: stretch;
  align-self: stretch;
  margin: 0 0 0.8125rem 0;
}

.c0 {
  padding: 1.5rem 1.1875rem;
}

<div
    className="c0 c1"
    name="card"
  >
    .c0 {
  padding: 0.35em 0.75em 0.625em;
  display: inline-block;
  margin: 0;
  padding: 0;
  border: none;
  overflow: hidden;
  width: 100%;
  height: auto;
  -webkit-margin-start: 0;
  -webkit-margin-end: 0;
  -webkit-padding-before: 0;
  -webkit-padding-start: 0;
  -webkit-padding-end: 0;
  -webkit-padding-after: 0;
}

.c3 {
  box-sizing: border-box;
  width: 100%;
  height: 3rem;
  margin-bottom: 0.5rem;
  margin-top: 0.5rem;
  padding: 0.8125rem 1.125rem;
  border-radius: 0.25rem;
  background-color: ;
  border: 0.0625rem solid;
  font-size: 0.9375rem;
  line-height: normal !important;
  font-weight: 400;
  font-style: normal;
  font-stretch: normal;
  color: ;
  -webkit-appearance: none;
  -moz-appearance: none;
  appearance: none;
  outline: 0;
}

.c3:focus {
  border-color: ;
  outline: 0;
}

.c1 {
  display: -webkit-box;
  display: -webkit-flex;
  display: -ms-flexbox;
  display: flex;
  -webkit-flex-direction: row;
  -ms-flex-direction: row;
  flex-direction: row;
  -webkit-flex-wrap: nowrap;
  -ms-flex-wrap: nowrap;
  flex-wrap: nowrap;
  -webkit-box-pack: space-between;
  -webkit-justify-content: space-between;
  -ms-flex-pack: space-between;
  justify-content: space-between;
  -webkit-align-content: stretch;
  -ms-flex-line-pack: stretch;
  align-content: stretch;
  -webkit-align-items: stretch;
  -webkit-box-align: stretch;
  -ms-flex-align: stretch;
  align-items: stretch;
}

.c2 {
  -webkit-order: 0;
  -ms-flex-order: 0;
  order: 0;
  -webkit-flex: 1 1 auto;
  -ms-flex: 1 1 auto;
  flex: 1 1 auto;
  -webkit-align-self: stretch;
  -ms-flex-item-align: stretch;
  align-self: stretch;
  margin: 0 0 0.8125rem 0;
}

<fieldset
      className="c0"
      style={undefined}
    >
      .c2 {
  box-sizing: border-box;
  width: 100%;
  height: 3rem;
  margin-bottom: 0.5rem;
  margin-top: 0.5rem;
  padding: 0.8125rem 1.125rem;
  border-radius: 0.25rem;
  background-color: ;
  border: 0.0625rem solid;
  font-size: 0.9375rem;
  line-height: normal !important;
  font-weight: 400;
  font-style: normal;
  font-stretch: normal;
  color: ;
  -webkit-appearance: none;
  -moz-appearance: none;
  appearance: none;
  outline: 0;
}

.c2:focus {
  border-color: ;
  outline: 0;
}

.c0 {
  display: -webkit-box;
  display: -webkit-flex;
  display: -ms-flexbox;
  display: flex;
  -webkit-flex-direction: row;
  -ms-flex-direction: row;
  flex-direction: row;
  -webkit-flex-wrap: nowrap;
  -ms-flex-wrap: nowrap;
  flex-wrap: nowrap;
  -webkit-box-pack: space-between;
  -webkit-justify-content: space-between;
  -ms-flex-pack: space-between;
  justify-content: space-between;
  -webkit-align-content: stretch;
  -ms-flex-line-pack: stretch;
  align-content: stretch;
  -webkit-align-items: stretch;
  -webkit-box-align: stretch;
  -ms-flex-align: stretch;
  align-items: stretch;
}

.c1 {
  -webkit-order: 0;
  -ms-flex-order: 0;
  order: 0;
  -webkit-flex: 1 1 auto;
  -ms-flex: 1 1 auto;
  flex: 1 1 auto;
  -webkit-align-self: stretch;
  -ms-flex-item-align: stretch;
  align-self: stretch;
  margin: 0 0 0.8125rem 0;
}

<div>
        .c2 {
  box-sizing: border-box;
  width: 100%;
  height: 3rem;
  margin-bottom: 0.5rem;
  margin-top: 0.5rem;
  padding: 0.8125rem 1.125rem;
  border-radius: 0.25rem;
  background-color: ;
  border: 0.0625rem solid;
  font-size: 0.9375rem;
  line-height: normal !important;
  font-weight: 400;
  font-style: normal;
  font-stretch: normal;
  color: ;
  -webkit-appearance: none;
  -moz-appearance: none;
  appearance: none;
  outline: 0;
}

.c2:focus {
  border-color: ;
  outline: 0;
}

.c0 {
  display: -webkit-box;
  display: -webkit-flex;
  display: -ms-flexbox;
  display: flex;
  -webkit-flex-direction: row;
  -ms-flex-direction: row;
  flex-direction: row;
  -webkit-flex-wrap: nowrap;
  -ms-flex-wrap: nowrap;
  flex-wrap: nowrap;
  -webkit-box-pack: space-between;
  -webkit-justify-content: space-between;
  -ms-flex-pack: space-between;
  justify-content: space-between;
  -webkit-align-content: stretch;
  -ms-flex-line-pack: stretch;
  align-content: stretch;
  -webkit-align-items: stretch;
  -webkit-box-align: stretch;
  -ms-flex-align: stretch;
  align-items: stretch;
}

.c1 {
  -webkit-order: 0;
  -ms-flex-order: 0;
  order: 0;
  -webkit-flex: 1 1 auto;
  -ms-flex: 1 1 auto;
  flex: 1 1 auto;
  -webkit-align-self: stretch;
  -ms-flex-item-align: stretch;
  align-self: stretch;
  margin: 0 0 0.8125rem 0;
}

<span
          className="c0"
        >
          .c1 {
  box-sizing: border-box;
  width: 100%;
  height: 3rem;
  margin-bottom: 0.5rem;
  margin-top: 0.5rem;
  padding: 0.8125rem 1.125rem;
  border-radius: 0.25rem;
  background-color: ;
  border: 0.0625rem solid;
  font-size: 0.9375rem;
  line-height: normal !important;
  font-weight: 400;
  font-style: normal;
  font-stretch: normal;
  color: ;
  -webkit-appearance: none;
  -moz-appearance: none;
  appearance: none;
  outline: 0;
}

.c1:focus {
  border-color: ;
  outline: 0;
}

.c0 {
  -webkit-order: 0;
  -ms-flex-order: 0;
  order: 0;
  -webkit-flex: 1 1 auto;
  -ms-flex: 1 1 auto;
  flex: 1 1 auto;
  -webkit-align-self: stretch;
  -ms-flex-item-align: stretch;
  align-self: stretch;
  margin: 0 0 0.8125rem 0;
}

<input
            className="c0 c1"
            id="ceBOoS"
            placeholder="Filename including extension…"
            type="text"
            value={undefined}
          />
        </span>
      </div>
    </fieldset>
    .c1 {
  -webkit-fill: ;
  fill: ;
  stroke: ;
  -webkit-animation: iCqDak 1.5s ease-out 0s infinite;
  animation: iCqDak 1.5s ease-out 0s infinite;
}

.c2 {
  -webkit-fill: ;
  fill: ;
  stroke: ;
  -webkit-animation: iCqDak 1.5s ease-out 0s infinite;
  animation: iCqDak 1.5s ease-out 0s infinite;
  -webkit-animation-delay: 0.5s;
  animation-delay: 0.5s;
}

.c3 {
  -webkit-fill: ;
  fill: ;
  stroke: ;
  -webkit-animation: iCqDak 1.5s ease-out 0s infinite;
  animation: iCqDak 1.5s ease-out 0s infinite;
  -webkit-animation-delay: 1s;
  animation-delay: 1s;
}

.c0 {
  display: -webkit-box;
  display: -webkit-flex;
  display: -ms-flexbox;
  display: flex;
  -webkit-flex-direction: column;
  -ms-flex-direction: column;
  flex-direction: column;
  -webkit-flex-wrap: nowrap;
  -ms-flex-wrap: nowrap;
  flex-wrap: nowrap;
  -webkit-box-pack: center;
  -webkit-justify-content: center;
  -ms-flex-pack: center;
  justify-content: center;
  -webkit-align-content: center;
  -ms-flex-line-pack: center;
  align-content: center;
  -webkit-align-items: center;
  -webkit-box-align: center;
  -ms-flex-align: center;
  align-items: center;
  -webkit-flex: 1 0 auto;
  -ms-flex: 1 0 auto;
  flex: 1 0 auto;
  -webkit-align-self: stretch;
  -ms-flex-item-align: stretch;
  align-self: stretch;
}

.c4 {
  font-family: "Libre Franklin",-apple-system,BlinkMacSystemFont,"Segoe UI",Roboto,Oxygen-Sans,Ubuntu,Cantarell,Helvetica,sans-serif;
  font-weight: 400;
  line-height: 1.5rem;
  font-size: 0.9375rem;
  -webkit-flex: 0 0 auto;
  -ms-flex: 0 0 auto;
  flex: 0 0 auto;
  -webkit-align-self: stretch;
  -ms-flex-item-align: stretch;
  align-self: stretch;
  text-align: center;
  margin-bottom: 0;
}

<div
      className="c0"
    >
      .c0 {
  -webkit-fill: ;
  fill: ;
  stroke: ;
  -webkit-animation: iCqDak 1.5s ease-out 0s infinite;
  animation: iCqDak 1.5s ease-out 0s infinite;
}

.c1 {
  -webkit-fill: ;
  fill: ;
  stroke: ;
  -webkit-animation: iCqDak 1.5s ease-out 0s infinite;
  animation: iCqDak 1.5s ease-out 0s infinite;
  -webkit-animation-delay: 0.5s;
  animation-delay: 0.5s;
}

.c2 {
  -webkit-fill: ;
  fill: ;
  stroke: ;
  -webkit-animation: iCqDak 1.5s ease-out 0s infinite;
  animation: iCqDak 1.5s ease-out 0s infinite;
  -webkit-animation-delay: 1s;
  animation-delay: 1s;
}

<svg
        height="10"
        width="28"
      >
        .c0 {
  -webkit-fill: ;
  fill: ;
  stroke: ;
  -webkit-animation: iCqDak 1.5s ease-out 0s infinite;
  animation: iCqDak 1.5s ease-out 0s infinite;
}

<rect
          className="c0"
          height="6"
          width="6"
          x="2"
          y="2"
        />
        .c0 {
  -webkit-fill: ;
  fill: ;
  stroke: ;
  -webkit-animation: iCqDak 1.5s ease-out 0s infinite;
  animation: iCqDak 1.5s ease-out 0s infinite;
  -webkit-animation-delay: 0.5s;
  animation-delay: 0.5s;
}

<rect
          className="c0"
          height="6"
          width="6"
          x="11"
          y="2"
        />
        .c0 {
  -webkit-fill: ;
  fill: ;
  stroke: ;
  -webkit-animation: iCqDak 1.5s ease-out 0s infinite;
  animation: iCqDak 1.5s ease-out 0s infinite;
  -webkit-animation-delay: 1s;
  animation-delay: 1s;
}

<rect
          className="c0"
          height="6"
          width="6"
          x="20"
          y="2"
        />
      </svg>
      .c0 {
  font-family: "Libre Franklin",-apple-system,BlinkMacSystemFont,"Segoe UI",Roboto,Oxygen-Sans,Ubuntu,Cantarell,Helvetica,sans-serif;
  font-weight: 400;
  line-height: 1.5rem;
  font-size: 0.9375rem;
  -webkit-flex: 0 0 auto;
  -ms-flex: 0 0 auto;
  flex: 0 0 auto;
  -webkit-align-self: stretch;
  -ms-flex-item-align: stretch;
  align-self: stretch;
  text-align: center;
  margin-bottom: 0;
}

<p
        className="c0"
      >
        Loading...
      </p>
    </div>
  </div>
</div>
`;
