exports[`Baseline-1 1`] = `
<span>
  <button
    className="baseline-jkhKOg cuQGXb sc-bxivhb bOlNJJ">
    margin-right: 1
  </button>
  <button
    className="baseline-jkhKOg WiuoE sc-bxivhb bOlNJJ">
    margin-right: 2
  </button>
  <button
    className="baseline-jkhKOg elcFTQ sc-bxivhb bOlNJJ">
    margin-right: 3
  </button>
  <button
    className="baseline-jkhKOg cAVBXR sc-bxivhb bOlNJJ">
    margin-right: 4
  </button>
  <button
    className="baseline-jkhKOg bGfvGf sc-bxivhb bOlNJJ">
    hello
  </button>
</span>
`;
