exports[`Card-2 1`] = `
<div
  className="baseline-bICRiI vuCxY sc-gzVnrw esssyn"
  name="card">
  <div
    className="baseline-fRqHUu hfQLiT sc-iwsKbI jwPBgV"
    name="card-view">
    <div
      className="baseline-eWWlxG jbEgPu Col__Col-hCQanm dfKoXL"
      name="card-meta">
      <div
        className="sc-gqjmRU cVsyzo">
        <div
          className="baseline-dWhmw iUarQB title__Container-jarCPF dYzNAP"
          name="card-title">
          <span
            className="title__Span-llmdJe gCbJBV">
            Title
          </span>
        </div>
        <div
          className="baseline-SuZbH cbysRz sc-jzJRlG cpAxyY title__Container-jarCPF dYzNAP"
          name="card-subtitle">
          <span
            className="subtitle__Span-gDOhPu dVbpRc">
            Subtitle
          </span>
        </div>
        <div
          className="baseline-hhScbu cgEMEx sc-htoDjs fllffw title__Container-jarCPF dYzNAP"
          name="card-description">
          <div
            className="description__InnerDescription-bydbUy dqDhMv">
            Description
          </div>
        </div>
      </div>
    </div>
    <div
      className="baseline-ebPLBq jwbyPT sc-fjdhpX eVHcsL"
      name="card-outlet">
      Outlet
    </div>
  </div>
  <nav
    className="sc-VigVT hGIiBl"
    name="card-options">
    <button
      className="baseline-inlylk hdiMjF sc-jTzLTM kYikIH sc-bxivhb ezMUTD">
      <div
        className="options__StyledContainer-cSSlGR bljWiP">
        <div
          className="options__StyledCircle-ldkelG dyWgQN" />
        <div
          className="options__StyledCircle-ldkelG dyWgQN" />
        <div
          className="options__StyledCircle-ldkelG dyWgQN" />
      </div>
    </button>
  </nav>
</div>
`;
