exports[`Card-10 1`] = `
<div
  className="baseline-bICRiI vuCxY sc-gzVnrw hTpgYp"
  name="card">
  <div
    className="baseline-btTgpK bpXyln sc-dnqmqq fQWANf sc-gzVnrw hZSQIi"
    name="card-header">
    <div
      className="baseline-fRqHUu hfQLiT sc-iwsKbI chhxXT"
      name="card-view">
      <div
        className="baseline-eWWlxG jbEgPu Col__Col-hCQanm dfKoXL"
        name="card-meta">
        <div
          className="sc-gqjmRU cVsyzo">
          <div
            className="baseline-dWhmw iUarQB title__Container-jarCPF hUYnGC"
            name="card-title">
            <span
              className="title__Span-llmdJe gCbJBV">
              Title
            </span>
          </div>
          <div
            className="baseline-SuZbH cbysRz sc-jzJRlG cpAxyY title__Container-jarCPF hUYnGC"
            name="card-subtitle">
            <span
              className="subtitle__Span-gDOhPu eEQXKT">
              Subtitle
            </span>
          </div>
          <div
            className="baseline-hhScbu cgEMEx sc-htoDjs fllffw title__Container-jarCPF hUYnGC"
            name="card-description">
            <div
              className="description__InnerDescription-bydbUy dqDhMv">
              Description
            </div>
          </div>
        </div>
      </div>
    </div>
    <nav
      className="sc-VigVT bdTbEK"
      name="card-options">
      <button
        className="baseline-inlylk hdiMjF sc-jTzLTM kYikIH sc-bxivhb iOvBML">
        <div
          className="options__StyledContainer-cSSlGR bljWiP">
          <div
            className="options__StyledCircle-ldkelG KbKxI" />
          <div
            className="options__StyledCircle-ldkelG KbKxI" />
          <div
            className="options__StyledCircle-ldkelG KbKxI" />
        </div>
      </button>
    </nav>
  </div>
  <div
    className="baseline-iMHSlr gIqaSF sc-gZMcBi uLhlE sc-iwsKbI fJJDmf"
    name="card-view">
    <div
      className="baseline-bICRiI vuCxY sc-gzVnrw kZZgWu"
      name="card">
      <div
        className="baseline-fRqHUu hfQLiT sc-iwsKbI dsjohD"
        name="card-view">
        <div
          className="baseline-eWWlxG jbEgPu Col__Col-hCQanm cCCACO"
          name="card-meta">
          <div
            className="sc-gqjmRU gxBTEj">
            <div
              className="baseline-dWhmw iUarQB title__Container-jarCPF dhAycX"
              name="card-title">
              <span
                className="title__Span-llmdJe gCbJBV">
                Title
              </span>
            </div>
          </div>
        </div>
        <div
          className="baseline-ebPLBq jwbyPT sc-fjdhpX gRqWay"
          name="card-outlet">
          Outlet
        </div>
      </div>
    </div>
    <div
      className="baseline-bICRiI vuCxY sc-gzVnrw kZZgWu"
      name="card">
      <div
        className="baseline-fRqHUu hfQLiT sc-iwsKbI dsjohD"
        name="card-view">
        <div
          className="baseline-eWWlxG jbEgPu Col__Col-hCQanm cCCACO"
          name="card-meta">
          <div
            className="sc-gqjmRU gxBTEj">
            <div
              className="baseline-dWhmw iUarQB title__Container-jarCPF dhAycX"
              name="card-title">
              <span
                className="title__Span-llmdJe gCbJBV">
                Title
              </span>
            </div>
            <div
              className="baseline-SuZbH cbysRz sc-jzJRlG biTFBL title__Container-jarCPF dhAycX"
              name="card-subtitle">
              <span
                className="subtitle__Span-gDOhPu dYNDIO">
                Subtitle
              </span>
            </div>
            <div
              className="baseline-hhScbu cgEMEx sc-htoDjs dVJZOW title__Container-jarCPF dhAycX"
              name="card-description">
              <div
                className="description__InnerDescription-bydbUy eMMLFJ">
                Description
              </div>
            </div>
          </div>
        </div>
        <div
          className="baseline-ebPLBq jwbyPT sc-fjdhpX gRqWay"
          name="card-outlet">
          Outlet
        </div>
      </div>
    </div>
    <div
      className="baseline-bICRiI vuCxY sc-gzVnrw fSUqRX"
      name="card">
      <div
        className="baseline-fRqHUu hfQLiT sc-iwsKbI dsjohD"
        name="card-view">
        <div
          className="baseline-eWWlxG jbEgPu Col__Col-hCQanm cCCACO"
          name="card-meta">
          <div
            className="sc-gqjmRU gxBTEj">
            <div
              className="baseline-dWhmw iUarQB title__Container-jarCPF dhAycX"
              name="card-title">
              <span
                className="title__Span-llmdJe gCbJBV">
                Title
              </span>
            </div>
            <div
              className="baseline-SuZbH cbysRz sc-jzJRlG biTFBL title__Container-jarCPF dhAycX"
              name="card-subtitle">
              <span
                className="subtitle__Span-gDOhPu dYNDIO">
                Subtitle
              </span>
            </div>
          </div>
        </div>
        <div
          className="baseline-ebPLBq jwbyPT sc-fjdhpX gRqWay"
          name="card-outlet">
          Outlet
        </div>
      </div>
    </div>
  </div>
</div>
`;
