exports[`Card-8 1`] = `
<div
  className="baseline-bICRiI vuCxY sc-gzVnrw gnczvm"
  name="card">
  <div
    className="baseline-fRqHUu hfQLiT sc-iwsKbI dsjohD"
    name="card-view">
    <div
      className="baseline-eWWlxG jbEgPu Col__Col-hCQanm cCCACO"
      name="card-meta">
      <div
        className="sc-gqjmRU gxBTEj">
        <div
          className="baseline-dWhmw iUarQB title__Container-jarCPF dhAycX"
          name="card-title">
          <span
            className="title__Span-llmdJe gCbJBV">
            Title
          </span>
        </div>
        <div
          className="baseline-SuZbH cbysRz sc-jzJRlG biTFBL title__Container-jarCPF dhAycX"
          name="card-subtitle">
          <span
            className="subtitle__Span-gDOhPu dYNDIO">
            Subtitle
          </span>
        </div>
        <div
          className="baseline-hhScbu cgEMEx sc-htoDjs dVJZOW title__Container-jarCPF dhAycX"
          name="card-description">
          <div
            className="description__InnerDescription-bydbUy eMMLFJ">
            Description
          </div>
        </div>
      </div>
    </div>
    <div
      className="baseline-ebPLBq jwbyPT sc-fjdhpX gRqWay"
      name="card-outlet">
      Outlet
    </div>
  </div>
  <nav
    className="sc-VigVT hGIiBl"
    name="card-options">
    <button
      className="baseline-inlylk hdiMjF sc-jTzLTM cZvyzC sc-bxivhb ezMUTD">
      <div
        className="options__StyledContainer-cSSlGR bljWiP">
        <div
          className="options__StyledCircle-ldkelG dyWgQN" />
        <div
          className="options__StyledCircle-ldkelG dyWgQN" />
        <div
          className="options__StyledCircle-ldkelG dyWgQN" />
      </div>
    </button>
  </nav>
</div>
`;
