exports[`Checkbox-16 1`] = `
<div
  className="Row__Row-kNtYPA bvOcuL">
  <div
    className="Col__Col-hCQanm eyxLlE">
    <fieldset
      className="baseline-hZpvlZ bQdLhh sc-kGXeez cEabLf">
      <div>
        <div
          className="Row__Row-kNtYPA bvOcuL">
          <div
            className="Col__Col-hCQanm rqKxU">
            <label
              className="sc-kpOJdX gxFurI"
              htmlFor="IzwYT">
              Check this out!
            </label>
            <div
              className="toggle__InnerContainer-hKefxl bVmJyd"
              type="checkbox">
              <input
                className="baseline-enlQhH klPuEH sc-iAyFgw gjtXtj"
                id="jEKoe"
                type="checkbox" />
              <label
                className="toggle__Label-soSmI bQFovI"
                htmlFor="jEKoe" />
            </div>
          </div>
        </div>
        <div
          className="Row__Row-kNtYPA bvOcuL">
          <div
            className="Col__Col-hCQanm rqKxU">
            <label
              className="baseline-cAWdSt jOHGnk sc-ckVGcZ etALwH">
              Thanks for ticking, you are a star!
            </label>
          </div>
        </div>
      </div>
    </fieldset>
  </div>
  <div
    className="Col__Col-hCQanm eyxLlE">
    <fieldset
      className="baseline-hZpvlZ bQdLhh sc-kGXeez cEabLf">
      <div>
        <div
          className="Row__Row-kNtYPA bvOcuL">
          <div
            className="Col__Col-hCQanm rqKxU">
            <label
              className="baseline-cAWdSt jOHGnk sc-ckVGcZ etALwH">
              Thanks for ticking, you are a star!
            </label>
          </div>
        </div>
        <div
          className="Row__Row-kNtYPA bvOcuL">
          <div
            className="Col__Col-hCQanm rqKxU">
            <label
              className="sc-kpOJdX gxFurI"
              htmlFor="Pnanx">
              Check this out!
            </label>
            <div
              className="toggle__InnerContainer-hKefxl bVmJyd"
              type="checkbox">
              <input
                className="baseline-enlQhH klPuEH sc-iAyFgw gjtXtj"
                id="XNyNQ"
                type="checkbox" />
              <label
                className="toggle__Label-soSmI bQFovI"
                htmlFor="XNyNQ" />
            </div>
          </div>
        </div>
      </div>
    </fieldset>
  </div>
</div>
`;
