exports[`Checkbox-2 1`] = `
<fieldset
  className="baseline-hZpvlZ bQdLhh sc-kGXeez cEabLf">
  <div>
    <div
      className="toggle__InnerContainer-hKefxl bVmJyd"
      type="checkbox">
      <input
        checked={true}
        className="baseline-eRtFHU czaTJi sc-kEYyzF cwbzif"
        id="hPPAv"
        type="checkbox" />
      <label
        className="toggle__Label-soSmI bQFovI"
        htmlFor="hPPAv" />
    </div>
    <label
      className="sc-kpOJdX gxFurI"
      htmlFor="PDamN">
      Check this out!
    </label>
  </div>
</fieldset>
`;
