exports[`Checkbox-0 1`] = `
<fieldset
  className="baseline-hZpvlZ bQdLhh sc-kGXeez cEabLf">
  <div>
    <div
      className="toggle__InnerContainer-hKefxl bVmJyd"
      type="checkbox">
      <input
        className="baseline-enlQhH klPuEH sc-iAyFgw gjtXtj"
        id="kUzaG"
        type="checkbox" />
      <label
        className="toggle__Label-soSmI bQFovI"
        htmlFor="kUzaG" />
    </div>
    <label
      className="sc-kpOJdX gxFurI"
      htmlFor="cyGqyE">
      Check this out!
    </label>
  </div>
</fieldset>
`;
