exports[`Checkbox-8 1`] = `
<div>
  <fieldset
    className="baseline-hZpvlZ bQdLhh sc-kGXeez cEabLf">
    <div>
      <div
        className="toggle__InnerContainer-hKefxl bVmJyd"
        type="checkbox">
        <input
          className="baseline-enlQhH klPuEH sc-iAyFgw gjtXtj"
          id="xwaPA"
          type="checkbox" />
        <label
          className="toggle__Label-soSmI ertJBI"
          htmlFor="xwaPA" />
      </div>
      <label
        className="sc-kpOJdX gxFurI"
        htmlFor="GChbR">
        Check this out!
      </label>
      <label
        className="baseline-cAWdSt jOHGnk sc-ckVGcZ kglHzx">
        Unexpected meta warning!
      </label>
    </div>
  </fieldset>
  <fieldset
    className="baseline-hZpvlZ bQdLhh sc-kGXeez cEabLf">
    <div>
      <div
        className="toggle__InnerContainer-hKefxl bVmJyd"
        type="checkbox">
        <input
          className="baseline-enlQhH klPuEH sc-iAyFgw gjtXtj"
          id="twcGD"
          type="checkbox" />
        <label
          className="toggle__Label-soSmI ertJBI"
          htmlFor="twcGD" />
      </div>
      <label
        className="sc-kpOJdX gxFurI"
        htmlFor="BXFfu">
        Check this out!
      </label>
      <label
        className="baseline-cAWdSt jOHGnk sc-ckVGcZ kglHzx">
        Unexpected group warning!
      </label>
    </div>
  </fieldset>
  <fieldset
    className="baseline-hZpvlZ bQdLhh sc-kGXeez cEabLf">
    <div>
      <div
        className="toggle__InnerContainer-hKefxl bVmJyd"
        type="checkbox">
        <input
          className="baseline-enlQhH klPuEH sc-iAyFgw gjtXtj"
          id="EqsYt"
          type="checkbox" />
        <label
          className="toggle__Label-soSmI bQFovI"
          htmlFor="EqsYt" />
      </div>
      <label
        className="sc-kpOJdX gxFurI"
        htmlFor="dYYRh">
        Check this out!
      </label>
      <label
        className="baseline-cAWdSt jOHGnk sc-ckVGcZ kglHzx">
        Unexpected children warning!
      </label>
    </div>
  </fieldset>
  <fieldset
    className="baseline-hZpvlZ bQdLhh sc-kGXeez cEabLf">
    <div>
      <div
        className="toggle__InnerContainer-hKefxl bVmJyd"
        type="checkbox">
        <input
          className="baseline-enlQhH klPuEH sc-iAyFgw gjtXtj"
          id="UZaej"
          type="checkbox" />
        <label
          className="toggle__Label-soSmI bQFovI"
          htmlFor="UZaej" />
      </div>
      <label
        className="sc-kpOJdX gxFurI"
        htmlFor="RlpUg">
        Check this out!
      </label>
      <label
        className="baseline-cAWdSt jOHGnk sc-ckVGcZ kglHzx">
        Unexpected inline warning!
      </label>
    </div>
  </fieldset>
</div>
`;
