exports[`IconButton-0 1`] = `
<button
  className="baseline-dRZgyZ hkwhiQ sc-jKJlTe hpoBGJ">
  <svg
    className="baseline-hRjYWa iAaryv"
    height="12"
    viewBox="0 0 12 12"
    width="12"
    xmlns="http://www.w3.org/2000/svg">
    <title>
      icon: close
    </title>
    <path
      d="M7.314 5.9l4.242-4.243L10.142.243 5.9 4.485 1.657.243.243 1.657l4.242 4.242-4.242 4.243 1.414 1.414 4.242-4.242 4.243 4.242 1.414-1.414L7.314 5.9z"
      fill="#494949"
      fillRule="evenodd" />
  </svg>
</button>
`;
