exports[`Input-0 1`] = `
<input
  className="baseline-grrZDR eICGBO sc-chPdSV dXKwMH"
  id=""
  placeholder="I am the placeholder" />
`;
