exports[`Input-8 1`] = `
<div>
  <fieldset
    className="baseline-hZpvlZ bQdLhh sc-kGXeez cEabLf">
    <div>
      <label
        className="sc-kpOJdX gxFurI"
        htmlFor="qdhV">
        Email Address
      </label>
      <input
        className="baseline-grrZDR eICGBO sc-chPdSV dXKwMH"
        id="qdhV"
        placeholder="Enter email"
        type="email" />
      <label
        className="baseline-cAWdSt jOHGnk sc-ckVGcZ hrcGEd">
        Unexpected inline success!
      </label>
    </div>
  </fieldset>
  <fieldset
    className="baseline-hZpvlZ bQdLhh sc-kGXeez cEabLf">
    <div>
      <label
        className="sc-kpOJdX gxFurI"
        htmlFor="dlDoD">
        Email Address
      </label>
      <input
        className="baseline-grrZDR eICGBO sc-chPdSV jicOQn"
        id="dlDoD"
        placeholder="Enter email"
        type="email" />
      <label
        className="baseline-cAWdSt jOHGnk sc-ckVGcZ hrcGEd">
        Unexpected group success!
      </label>
    </div>
  </fieldset>
  <fieldset
    className="baseline-hZpvlZ bQdLhh sc-kGXeez cEabLf">
    <div>
      <label
        className="sc-kpOJdX gxFurI"
        htmlFor="bkqhjy">
        Email Address
      </label>
      <input
        className="baseline-grrZDR eICGBO sc-chPdSV jicOQn"
        id="bkqhjy"
        placeholder="Enter email"
        type="email" />
      <label
        className="baseline-cAWdSt jOHGnk sc-ckVGcZ hrcGEd">
        Unexpected meta success!
      </label>
    </div>
  </fieldset>
  <fieldset
    className="baseline-hZpvlZ bQdLhh sc-kGXeez cEabLf">
    <div>
      <label
        className="sc-kpOJdX gxFurI"
        htmlFor="bcKrpP">
        Email Address
      </label>
      <input
        className="baseline-grrZDR eICGBO sc-chPdSV dXKwMH"
        id="bcKrpP"
        placeholder="Enter email"
        type="email" />
      <label
        className="baseline-cAWdSt jOHGnk sc-ckVGcZ hrcGEd">
        Unexpected children success!
      </label>
    </div>
  </fieldset>
</div>
`;
