exports[`Input-4 1`] = `
<div>
  <fieldset
    className="baseline-hZpvlZ bQdLhh sc-kGXeez cEabLf">
    <div>
      <label
        className="sc-kpOJdX gxFurI"
        htmlFor="bWTjQB">
        Email Address
      </label>
      <input
        className="baseline-grrZDR eICGBO sc-chPdSV dXKwMH"
        id="bWTjQB"
        placeholder="Enter email"
        type="email" />
      <label
        className="baseline-cAWdSt jOHGnk sc-ckVGcZ awics">
        Unexpected inline error!
      </label>
    </div>
  </fieldset>
  <fieldset
    className="baseline-hZpvlZ bQdLhh sc-kGXeez cEabLf">
    <div>
      <label
        className="sc-kpOJdX gxFurI"
        htmlFor="cCZWIJ">
        Email Address
      </label>
      <input
        className="baseline-grrZDR eICGBO sc-chPdSV coHhQj"
        id="cCZWIJ"
        placeholder="Enter email"
        type="email" />
      <label
        className="baseline-cAWdSt jOHGnk sc-ckVGcZ awics">
        Unexpected group error!
      </label>
    </div>
  </fieldset>
  <fieldset
    className="baseline-hZpvlZ bQdLhh sc-kGXeez cEabLf">
    <div>
      <label
        className="sc-kpOJdX gxFurI"
        htmlFor="cgBbsv">
        Email Address
      </label>
      <input
        className="baseline-grrZDR eICGBO sc-chPdSV coHhQj"
        id="cgBbsv"
        placeholder="Enter email"
        type="email" />
      <label
        className="baseline-cAWdSt jOHGnk sc-ckVGcZ awics">
        Unexpected meta error!
      </label>
    </div>
  </fieldset>
  <fieldset
    className="baseline-hZpvlZ bQdLhh sc-kGXeez cEabLf">
    <div>
      <label
        className="sc-kpOJdX gxFurI"
        htmlFor="cchqFe">
        Email Address
      </label>
      <input
        className="baseline-grrZDR eICGBO sc-chPdSV dXKwMH"
        id="cchqFe"
        placeholder="Enter email"
        type="email" />
      <label
        className="baseline-cAWdSt jOHGnk sc-ckVGcZ awics">
        Unexpected children error!
      </label>
    </div>
  </fieldset>
</div>
`;
