exports[`ProgressBar-0 1`] = `
<ul
  className="progress-bar__StyledList-fBsebO fWFANq">
  <li
    className="baseline-eePMVW jLRdeT item__StyledItem-lfMPWI bnmuPO">
    <div
      className="baseline-dGYsfJ jNkStq button__StyledContainer-HJcao mNxum">
      <span
        className="baseline-iIgrag kHxfDo indicator__StyledIndicator-jnpRni limCBi">
        <svg
          className="indicator__Tick-emlwMD iuRSnB baseline-dvzlav jFVXMX"
          completed={true}
          first={true}
          height="9"
          viewBox="0 0 9 9"
          width="9"
          xmlns="http://www.w3.org/2000/svg">
          <title>
            tick
          </title>
          <path
            d="M7.316 0L3.254 5.477l-1.55-2.165L0 4.495 3.223 9 9 1.21z"
            fillRule="evenodd" />
        </svg>
      </span>
      <button
        className="button__StyledButton-iitNzs dRQMtG baseline-jkhKOg bGfvGf sc-bxivhb bOlNJJ">
        Name the group
      </button>
      <span
        className="button__StyledArrow-sTwhU cCmWwL" />
    </div>
  </li>
  <li
    className="baseline-eePMVW jLRdeT item__StyledItem-lfMPWI bnmuPO">
    <div
      className="baseline-dGYsfJ jNkStq button__StyledContainer-HJcao jrPVRk">
      <span
        className="baseline-iIgrag kHxfDo indicator__StyledIndicator-jnpRni jSkXBk">
        <svg
          active={true}
          className="indicator__Tick-emlwMD jJvzny baseline-dvzlav jFVXMX"
          height="9"
          viewBox="0 0 9 9"
          width="9"
          xmlns="http://www.w3.org/2000/svg">
          <title>
            tick
          </title>
          <path
            d="M7.316 0L3.254 5.477l-1.55-2.165L0 4.495 3.223 9 9 1.21z"
            fillRule="evenodd" />
        </svg>
      </span>
      <button
        className="button__StyledButton-iitNzs dRQMtG baseline-jkhKOg bGfvGf sc-bxivhb bOlNJJ">
         Define services
      </button>
      <span
        className="button__StyledArrow-sTwhU cCmWwL" />
    </div>
  </li>
  <li
    className="baseline-eePMVW jLRdeT item__StyledItem-lfMPWI bnmuPO">
    <div
      className="baseline-dGYsfJ jNkStq button__StyledContainer-HJcao bZSrGl">
      <span
        className="baseline-iIgrag kHxfDo indicator__StyledIndicator-jnpRni haBONg">
        <svg
          className="indicator__Tick-emlwMD fNWovh baseline-dvzlav jFVXMX"
          height="9"
          last={true}
          viewBox="0 0 9 9"
          width="9"
          xmlns="http://www.w3.org/2000/svg">
          <title>
            tick
          </title>
          <path
            d="M7.316 0L3.254 5.477l-1.55-2.165L0 4.495 3.223 9 9 1.21z"
            fillRule="evenodd" />
        </svg>
      </span>
      <button
        className="button__StyledButton-iitNzs dRQMtG baseline-jkhKOg bGfvGf sc-bxivhb bOlNJJ">
        Review and deploy
      </button>
      <span
        className="button__StyledArrow-sTwhU iwCWSr" />
    </div>
  </li>
</ul>
`;
