exports[`Radio-10 1`] = `
<fieldset
  className="baseline-hZpvlZ bQdLhh sc-kGXeez cEabLf">
  <div>
    <legend
      className="sc-eHgmQL jXHmLG">
      Who killed the radio star?
    </legend>
    <label
      className="baseline-cAWdSt jOHGnk sc-ckVGcZ bDXFYs">
      I\'m a children of meta
    </label>
    <ul
      className="sc-cvbbAY fOGvPE">
      <li
        className="radio__Li-hRYgmp dhbKVQ">
        <div
          className="toggle__InnerContainer-hKefxl bVmJyd"
          type="radio">
          <input
            className="baseline-eRtFHU czaTJi sc-iAyFgw gjtXtj"
            id="ckWPHU"
            name="who-killed"
            type="radio"
            value="video" />
          <label
            className="toggle__Label-soSmI gCagwo"
            htmlFor="ckWPHU" />
        </div>
        Video
      </li>
      <li
        className="radio__Li-hRYgmp dhbKVQ">
        <div
          className="toggle__InnerContainer-hKefxl bVmJyd"
          type="radio">
          <input
            className="baseline-eRtFHU czaTJi sc-iAyFgw gjtXtj"
            id="xWSsg"
            name="who-killed"
            type="radio"
            value="tv" />
          <label
            className="toggle__Label-soSmI gCagwo"
            htmlFor="xWSsg" />
        </div>
        TV
      </li>
      <li
        className="radio__Li-hRYgmp dhbKVQ">
        <div
          className="toggle__InnerContainer-hKefxl bVmJyd"
          type="radio">
          <input
            className="baseline-eRtFHU czaTJi sc-iAyFgw gjtXtj"
            id="bCafNV"
            name="who-killed"
            type="radio"
            value="netflix" />
          <label
            className="toggle__Label-soSmI gCagwo"
            htmlFor="bCafNV" />
        </div>
        Netflix
      </li>
    </ul>
  </div>
</fieldset>
`;
