exports[`Radio-6 1`] = `
<div>
  <fieldset
    className="baseline-hZpvlZ bQdLhh sc-kGXeez cEabLf">
    <div>
      <legend
        className="sc-iAyFgw fDDYCs">
        Who killed the radio star?
      </legend>
      <label
        className="baseline-cAWdSt jOHGnk sc-ckVGcZ kglHzx">
        Unexpected inline warning!
      </label>
      <ul
        className="sc-hSdWYo bIDotp">
        <li
          className="radio__Li-hRYgmp dhbKVQ">
          <div
            className="toggle__InnerContainer-hKefxl bVmJyd"
            type="radio">
            <input
              className="baseline-imhrAe cnnTnF sc-kEYyzF cwbzif"
              id="bWQEBf"
              name="who-killed"
              type="radio"
              value="video" />
            <label
              className="toggle__Label-soSmI gCagwo"
              htmlFor="bWQEBf" />
          </div>
          Video
        </li>
        <li
          className="radio__Li-hRYgmp dhbKVQ">
          <div
            className="toggle__InnerContainer-hKefxl bVmJyd"
            type="radio">
            <input
              className="baseline-imhrAe cnnTnF sc-kEYyzF cwbzif"
              id="bJSqSe"
              name="who-killed"
              type="radio"
              value="tv" />
            <label
              className="toggle__Label-soSmI gCagwo"
              htmlFor="bJSqSe" />
          </div>
          TV
        </li>
        <li
          className="radio__Li-hRYgmp dhbKVQ">
          <div
            className="toggle__InnerContainer-hKefxl bVmJyd"
            type="radio">
            <input
              className="baseline-imhrAe cnnTnF sc-kEYyzF cwbzif"
              id="cBrBsk"
              name="who-killed"
              type="radio"
              value="netflix" />
            <label
              className="toggle__Label-soSmI gCagwo"
              htmlFor="cBrBsk" />
          </div>
          Netflix
        </li>
      </ul>
    </div>
  </fieldset>
  <fieldset
    className="baseline-hZpvlZ bQdLhh sc-kGXeez cEabLf">
    <div>
      <legend
        className="sc-iAyFgw fDDYCs">
        Who killed the radio star?
      </legend>
      <label
        className="baseline-cAWdSt jOHGnk sc-ckVGcZ kglHzx">
        Unexpected group warning!
      </label>
      <ul
        className="sc-hSdWYo bIDotp">
        <li
          className="radio__Li-hRYgmp dhbKVQ">
          <div
            className="toggle__InnerContainer-hKefxl bVmJyd"
            type="radio">
            <input
              className="baseline-imhrAe cnnTnF sc-kEYyzF cwbzif"
              id="bPqPGO"
              name="who-killed"
              type="radio"
              value="video" />
            <label
              className="toggle__Label-soSmI iPYvFO"
              htmlFor="bPqPGO" />
          </div>
          Video
        </li>
        <li
          className="radio__Li-hRYgmp dhbKVQ">
          <div
            className="toggle__InnerContainer-hKefxl bVmJyd"
            type="radio">
            <input
              className="baseline-imhrAe cnnTnF sc-kEYyzF cwbzif"
              id="bHUcSW"
              name="who-killed"
              type="radio"
              value="tv" />
            <label
              className="toggle__Label-soSmI iPYvFO"
              htmlFor="bHUcSW" />
          </div>
          TV
        </li>
        <li
          className="radio__Li-hRYgmp dhbKVQ">
          <div
            className="toggle__InnerContainer-hKefxl bVmJyd"
            type="radio">
            <input
              className="baseline-imhrAe cnnTnF sc-kEYyzF cwbzif"
              id="aLCiX"
              name="who-killed"
              type="radio"
              value="netflix" />
            <label
              className="toggle__Label-soSmI iPYvFO"
              htmlFor="aLCiX" />
          </div>
          Netflix
        </li>
      </ul>
    </div>
  </fieldset>
  <fieldset
    className="baseline-hZpvlZ bQdLhh sc-kGXeez cEabLf">
    <div>
      <legend
        className="sc-iAyFgw fDDYCs">
        Who killed the radio star?
      </legend>
      <label
        className="baseline-cAWdSt jOHGnk sc-ckVGcZ kglHzx">
        Unexpected meta warning!
      </label>
      <ul
        className="sc-hSdWYo bIDotp">
        <li
          className="radio__Li-hRYgmp dhbKVQ">
          <div
            className="toggle__InnerContainer-hKefxl bVmJyd"
            type="radio">
            <input
              className="baseline-imhrAe cnnTnF sc-kEYyzF cwbzif"
              id="bKyptB"
              name="who-killed"
              type="radio"
              value="video" />
            <label
              className="toggle__Label-soSmI iPYvFO"
              htmlFor="bKyptB" />
          </div>
          Video
        </li>
        <li
          className="radio__Li-hRYgmp dhbKVQ">
          <div
            className="toggle__InnerContainer-hKefxl bVmJyd"
            type="radio">
            <input
              className="baseline-imhrAe cnnTnF sc-kEYyzF cwbzif"
              id="Tplcf"
              name="who-killed"
              type="radio"
              value="tv" />
            <label
              className="toggle__Label-soSmI iPYvFO"
              htmlFor="Tplcf" />
          </div>
          TV
        </li>
        <li
          className="radio__Li-hRYgmp dhbKVQ">
          <div
            className="toggle__InnerContainer-hKefxl bVmJyd"
            type="radio">
            <input
              className="baseline-imhrAe cnnTnF sc-kEYyzF cwbzif"
              id="ciCbft"
              name="who-killed"
              type="radio"
              value="netflix" />
            <label
              className="toggle__Label-soSmI iPYvFO"
              htmlFor="ciCbft" />
          </div>
          Netflix
        </li>
      </ul>
    </div>
  </fieldset>
  <fieldset
    className="baseline-hZpvlZ bQdLhh sc-kGXeez cEabLf">
    <div>
      <legend
        className="sc-iAyFgw fDDYCs">
        Who killed the radio star?
      </legend>
      <label
        className="baseline-cAWdSt jOHGnk sc-ckVGcZ kglHzx">
        Unexpected children warning!
      </label>
      <ul
        className="sc-hSdWYo bIDotp">
        <li
          className="radio__Li-hRYgmp dhbKVQ">
          <div
            className="toggle__InnerContainer-hKefxl bVmJyd"
            type="radio">
            <input
              className="baseline-imhrAe cnnTnF sc-kEYyzF cwbzif"
              id="bzjYaT"
              name="who-killed"
              type="radio"
              value="video" />
            <label
              className="toggle__Label-soSmI gCagwo"
              htmlFor="bzjYaT" />
          </div>
          Video
        </li>
        <li
          className="radio__Li-hRYgmp dhbKVQ">
          <div
            className="toggle__InnerContainer-hKefxl bVmJyd"
            type="radio">
            <input
              className="baseline-imhrAe cnnTnF sc-kEYyzF cwbzif"
              id="RSKvU"
              name="who-killed"
              type="radio"
              value="tv" />
            <label
              className="toggle__Label-soSmI gCagwo"
              htmlFor="RSKvU" />
          </div>
          TV
        </li>
        <li
          className="radio__Li-hRYgmp dhbKVQ">
          <div
            className="toggle__InnerContainer-hKefxl bVmJyd"
            type="radio">
            <input
              className="baseline-imhrAe cnnTnF sc-kEYyzF cwbzif"
              id="bHbNwI"
              name="who-killed"
              type="radio"
              value="netflix" />
            <label
              className="toggle__Label-soSmI gCagwo"
              htmlFor="bHbNwI" />
          </div>
          Netflix
        </li>
      </ul>
    </div>
  </fieldset>
</div>
`;
