exports[`Select-8 1`] = `
<fieldset
  className="baseline-hZpvlZ bQdLhh sc-kGXeez cEabLf">
  <div>
    <label
      className="sc-kpOJdX gxFurI"
      htmlFor="YiYIR">
      Your location
    </label>
    <select
      className="baseline-isNNDV dMweWC sc-eHgmQL ljfWFB"
      id="YiYIR"
      multiple={true}>
      <option>
        Amsterdam, EU
      </option>
      <option>
        San Francisco, USA
      </option>
      <option>
        Seoul, South Korea
      </option>
      <option>
        Tokyo, Japan
      </option>
    </select>
  </div>
</fieldset>
`;
