exports[`Select-16 1`] = `
<fieldset
  className="baseline-hZpvlZ bQdLhh sc-kGXeez cEabLf">
  <div>
    <label
      className="sc-kpOJdX gxFurI"
      htmlFor="bQztBr">
      Your location
    </label>
    <select
      className="baseline-isNNDV dMweWC sc-eHgmQL jhMtlq"
      id="bQztBr">
      <option>
        Amsterdam, EU
      </option>
      <option>
        San Francisco, USA
      </option>
      <option>
        Seoul, South Korea
      </option>
      <option>
        Tokyo, Japan
      </option>
    </select>
    <label
      className="baseline-cAWdSt jOHGnk sc-ckVGcZ fTpqcf">
      I\'m a children of meta!
    </label>
  </div>
</fieldset>
`;
