exports[`Select-14 1`] = `
<div>
  <fieldset
    className="baseline-hZpvlZ bQdLhh sc-kGXeez cEabLf">
    <div>
      <label
        className="sc-kpOJdX gxFurI"
        htmlFor="cBXCyy">
        Your location
      </label>
      <select
        className="baseline-imhrAe cnnTnF sc-jWBwVP kNsReO"
        id="cBXCyy">
        <option>
          Amsterdam, EU
        </option>
        <option>
          San Francisco, USA
        </option>
        <option>
          Seoul, South Korea
        </option>
        <option>
          Tokyo, Japan
        </option>
      </select>
      <label
        className="baseline-cAWdSt jOHGnk sc-ckVGcZ hrcGEd">
        Unexpected inline success!
      </label>
    </div>
  </fieldset>
  <fieldset
    className="baseline-hZpvlZ bQdLhh sc-kGXeez cEabLf">
    <div>
      <label
        className="sc-kpOJdX gxFurI"
        htmlFor="oVNem">
        Your location
      </label>
      <select
        className="baseline-imhrAe cnnTnF sc-jWBwVP cttmNV"
        id="oVNem">
        <option>
          Amsterdam, EU
        </option>
        <option>
          San Francisco, USA
        </option>
        <option>
          Seoul, South Korea
        </option>
        <option>
          Tokyo, Japan
        </option>
      </select>
      <label
        className="baseline-cAWdSt jOHGnk sc-ckVGcZ hrcGEd">
        Unexpected group success!
      </label>
    </div>
  </fieldset>
  <fieldset
    className="baseline-hZpvlZ bQdLhh sc-kGXeez cEabLf">
    <div>
      <label
        className="sc-kpOJdX gxFurI"
        htmlFor="oFxLS">
        Your location
      </label>
      <select
        className="baseline-imhrAe cnnTnF sc-jWBwVP cttmNV"
        id="oFxLS">
        <option>
          Amsterdam, EU
        </option>
        <option>
          San Francisco, USA
        </option>
        <option>
          Seoul, South Korea
        </option>
        <option>
          Tokyo, Japan
        </option>
      </select>
      <label
        className="baseline-cAWdSt jOHGnk sc-ckVGcZ hrcGEd">
        Unexpected meta success!
      </label>
    </div>
  </fieldset>
  <fieldset
    className="baseline-hZpvlZ bQdLhh sc-kGXeez cEabLf">
    <div>
      <label
        className="sc-kpOJdX gxFurI"
        htmlFor="caFxDw">
        Your location
      </label>
      <select
        className="baseline-imhrAe cnnTnF sc-jWBwVP kNsReO"
        id="caFxDw">
        <option>
          Amsterdam, EU
        </option>
        <option>
          San Francisco, USA
        </option>
        <option>
          Seoul, South Korea
        </option>
        <option>
          Tokyo, Japan
        </option>
      </select>
      <label
        className="baseline-cAWdSt jOHGnk sc-ckVGcZ hrcGEd">
        Unexpected children success!
      </label>
    </div>
  </fieldset>
</div>
`;
