exports[`Select-2 1`] = `
<select
  className="baseline-imhrAe cnnTnF sc-jWBwVP kNsReO"
  id="">
  <option
    disabled={true}
    selected={true}>
    Select a datacenter
  </option>
  <option>
    Amsterdam, EU
  </option>
  <option>
    San Francisco, USA
  </option>
  <option>
    Seoul, South Korea
  </option>
  <option>
    Tokyo, Japan
  </option>
</select>
`;
