exports[`Select-4 1`] = `
<fieldset
  className="baseline-hZpvlZ bQdLhh sc-kGXeez cEabLf">
  <div>
    <label
      className="sc-kpOJdX gxFurI"
      htmlFor="bTuDhz">
      Your location
    </label>
    <select
      className="baseline-isNNDV dMweWC sc-eHgmQL jhMtlq"
      disabled={true}
      id="bTuDhz">
      <option
        disabled={true}
        selected={true}>
        Select Location
      </option>
      <option
        value="1">
        Amsterdam, EU
      </option>
      <option>
        San Francisco, USA
      </option>
      <option>
        Seoul, South Korea
      </option>
      <option>
        Tokyo, Japan
      </option>
    </select>
  </div>
</fieldset>
`;
