exports[`Select-12 1`] = `
<div>
  <fieldset
    className="baseline-hZpvlZ bQdLhh sc-kGXeez cEabLf">
    <div>
      <label
        className="sc-kpOJdX gxFurI"
        htmlFor="XHHqb">
        Your location
      </label>
      <select
        className="baseline-imhrAe cnnTnF sc-jWBwVP kNsReO"
        id="XHHqb">
        <option>
          Amsterdam, EU
        </option>
        <option>
          San Francisco, USA
        </option>
        <option>
          Seoul, South Korea
        </option>
        <option>
          Tokyo, Japan
        </option>
      </select>
      <label
        className="baseline-cAWdSt jOHGnk sc-ckVGcZ awics">
        Unexpected inline error!
      </label>
    </div>
  </fieldset>
  <fieldset
    className="baseline-hZpvlZ bQdLhh sc-kGXeez cEabLf">
    <div>
      <label
        className="sc-kpOJdX gxFurI"
        htmlFor="bvtgDf">
        Your location
      </label>
      <select
        className="baseline-imhrAe cnnTnF sc-jWBwVP VVNEI"
        id="bvtgDf">
        <option>
          Amsterdam, EU
        </option>
        <option>
          San Francisco, USA
        </option>
        <option>
          Seoul, South Korea
        </option>
        <option>
          Tokyo, Japan
        </option>
      </select>
      <label
        className="baseline-cAWdSt jOHGnk sc-ckVGcZ awics">
        Unexpected group error!
      </label>
    </div>
  </fieldset>
  <fieldset
    className="baseline-hZpvlZ bQdLhh sc-kGXeez cEabLf">
    <div>
      <label
        className="sc-kpOJdX gxFurI"
        htmlFor="bonmtu">
        Your location
      </label>
      <select
        className="baseline-imhrAe cnnTnF sc-jWBwVP VVNEI"
        id="bonmtu">
        <option>
          Amsterdam, EU
        </option>
        <option>
          San Francisco, USA
        </option>
        <option>
          Seoul, South Korea
        </option>
        <option>
          Tokyo, Japan
        </option>
      </select>
      <label
        className="baseline-cAWdSt jOHGnk sc-ckVGcZ awics">
        Unexpected meta error!
      </label>
    </div>
  </fieldset>
  <fieldset
    className="baseline-hZpvlZ bQdLhh sc-kGXeez cEabLf">
    <div>
      <label
        className="sc-kpOJdX gxFurI"
        htmlFor="jsoip">
        Your location
      </label>
      <select
        className="baseline-imhrAe cnnTnF sc-jWBwVP kNsReO"
        id="jsoip">
        <option>
          Amsterdam, EU
        </option>
        <option>
          San Francisco, USA
        </option>
        <option>
          Seoul, South Korea
        </option>
        <option>
          Tokyo, Japan
        </option>
      </select>
      <label
        className="baseline-cAWdSt jOHGnk sc-ckVGcZ awics">
        Unexpected children error!
      </label>
    </div>
  </fieldset>
</div>
`;
