exports[`Tooltip-0 1`] = `
<div
  style={
    Object {
      "height": "175px",
      "position": "relative",
    }
  }>
  <div
    className="tooltip__StyledContainer-gwWLSj yHfYI">
    <ul
      className="tooltip__StyledList-hiwjLp ceuwoA">
      <li>
        <button
          className="button__StyledButton-bftYPm fsbLbi baseline-jkhKOg bGfvGf sc-bxivhb bOlNJJ">
          Scale
        </button>
      </li>
      <li>
        <button
          className="button__StyledButton-bftYPm fsbLbi baseline-jkhKOg bGfvGf sc-bxivhb bOlNJJ">
          Restart
        </button>
      </li>
      <li>
        <button
          className="button__StyledButton-bftYPm fsbLbi baseline-jkhKOg bGfvGf sc-bxivhb bOlNJJ">
          Stop
        </button>
      </li>
      <div
        className="divider__TooltipDivider-gCdvnL dXMfFY" />
      <li>
        <button
          className="button__StyledButton-bftYPm fsbLbi baseline-jkhKOg bGfvGf sc-bxivhb bOlNJJ">
          Delete
        </button>
      </li>
    </ul>
  </div>
</div>
`;
