// Jest Snapshot v1, https://goo.gl/fbAQLP

exports[`renders <Actions /> without throwing 1`] = `
<svg
  height="16"
  viewBox="0 0 4 16"
  width="4"
  xmlns="http://www.w3.org/2000/svg"
>
  <path
    d="M2 4a2 2 0 1 0 0-4 2 2 0 0 0 0 4z"
    fill="#464646"
    fill-rule="evenodd"
  />
  <path
    d="M2 4a2 2 0 1 0 0-4 2 2 0 0 0 0 4z"
    fill="#464646"
    fill-rule="evenodd"
    style={
      Object {
        "transform": "translateY(0.375rem)",
      }
    }
  />
  <path
    d="M2 4a2 2 0 1 0 0-4 2 2 0 0 0 0 4z"
    fill="#464646"
    fill-rule="evenodd"
    style={
      Object {
        "transform": "translateY(0.75rem)",
      }
    }
  />
</svg>
`;

exports[`renders <Actions light /> without throwing 1`] = `
<svg
  height="16"
  viewBox="0 0 4 16"
  width="4"
  xmlns="http://www.w3.org/2000/svg"
>
  <path
    d="M2 4a2 2 0 1 0 0-4 2 2 0 0 0 0 4z"
    fill="#FFF"
    fill-rule="evenodd"
  />
  <path
    d="M2 4a2 2 0 1 0 0-4 2 2 0 0 0 0 4z"
    fill="#FFF"
    fill-rule="evenodd"
    style={
      Object {
        "transform": "translateY(0.375rem)",
      }
    }
  />
  <path
    d="M2 4a2 2 0 1 0 0-4 2 2 0 0 0 0 4z"
    fill="#FFF"
    fill-rule="evenodd"
    style={
      Object {
        "transform": "translateY(0.75rem)",
      }
    }
  />
</svg>
`;

exports[`renders <Affinity /> without throwing 1`] = `
<svg
  height="18"
  viewBox="0 0 27 18"
  width="27"
  xmlns="http://www.w3.org/2000/svg"
>
  <path
    d="M13.504 16.795A8.953 8.953 0 0 1 9 18a9.001 9.001 0 1 1 4.504-16.795A9.001 9.001 0 1 1 18 18a8.924 8.924 0 0 1-4.496-1.205zm-1.777-1.346A6.987 6.987 0 0 1 9 16a6.979 6.979 0 0 1-4.691-1.805A6.983 6.983 0 0 1 2 9c0-1.139.273-2.215.758-3.166A6.991 6.991 0 0 1 9 2c.965 0 1.883.195 2.719.549A8.998 8.998 0 0 0 9 9a8.952 8.952 0 0 0 2.727 6.45zm1.773-1.088A6.979 6.979 0 0 1 11 9c0-2.152.98-4.07 2.508-5.355A6.983 6.983 0 0 1 16 9a6.99 6.99 0 0 1-2.5 5.361zm1.785 1.079c.836.351 1.75.56 2.715.56a7 7 0 1 0 0-14 7.02 7.02 0 0 0-2.734.541A8.982 8.982 0 0 1 18 9a8.968 8.968 0 0 1-2.715 6.44z"
    fill="#464646"
    fillRule="evenodd"
  />
</svg>
`;

exports[`renders <Arrow /> without throwing 1`] = `
<svg
  height="6"
  viewBox="0 0 9 6"
  width="9"
  xmlns="http://www.w3.org/2000/svg"
>
  <path
    d="M9 1.386L7.648 0 4.5 3.228 1.352 0 0 1.386 4.5 6z"
    fill="#464646"
    fillRule="evenodd"
  />
</svg>
`;

exports[`renders <Bin /> without throwing 1`] = `
<svg
  height="17"
  viewBox="0 0 12 17"
  width="12"
  xmlns="http://www.w3.org/2000/svg"
>
  <path
    d="M4 0v1H0v2h12V1H8.001V0H4zM1 17h10V4H1v13z"
    fillRule="evenodd"
  />
</svg>
`;

exports[`renders <Checkcircle /> without throwing 1`] = `
<svg
  height="18"
  style={
    Object {
      "padding": "0.0625rem",
    }
  }
  viewBox="0 0 18 18"
  width="18"
  xmlns="http://www.w3.org/2000/svg"
>
  <path
    d="M9 18A9 9 0 1 0 9 0a9 9 0 0 0 0 18z"
    fill="#FFF"
    fillRule="evenodd"
  />
  <path
    d="M9 19c5.523 0 10-4.477 10-10h-2a8 8 0 0 1-8 8v2zM19 9C19 3.477 14.523-1 9-1v2a8 8 0 0 1 8 8h2zM9-1C3.477-1-1 3.477-1 9h2a8 8 0 0 1 8-8v-2zM-1 9c0 5.523 4.477 10 10 10v-2a8 8 0 0 1-8-8h-2z"
    fill="#464646"
  />
</svg>
`;

exports[`renders <Checkcircle border /> without throwing 1`] = `
<svg
  height="18"
  style={
    Object {
      "padding": "0.0625rem",
    }
  }
  viewBox="0 0 18 18"
  width="18"
  xmlns="http://www.w3.org/2000/svg"
>
  <path
    d="M9 18A9 9 0 1 0 9 0a9 9 0 0 0 0 18z"
    fill="#FFF"
    fillRule="evenodd"
  />
  <path
    d="M9 19c5.523 0 10-4.477 10-10h-2a8 8 0 0 1-8 8v2zM19 9C19 3.477 14.523-1 9-1v2a8 8 0 0 1 8 8h2zM9-1C3.477-1-1 3.477-1 9h2a8 8 0 0 1 8-8v-2zM-1 9c0 5.523 4.477 10 10 10v-2a8 8 0 0 1-8-8h-2z"
    fill="#464646"
  />
</svg>
`;

exports[`renders <Checkcircle border checked /> without throwing 1`] = `
<svg
  height="18"
  style={
    Object {
      "padding": "1px",
    }
  }
  viewBox="0 0 18 18"
  width="18"
  xmlns="http://www.w3.org/2000/svg"
>
  <path
    d="M9 18A9 9 0 1 0 9 0a9 9 0 0 0 0 18z"
    fill="#FFF"
    fillRule="evenodd"
  />
  <path
    d="M9 19c5.523 0 10-4.477 10-10h-2a8 8 0 0 1-8 8v2zM19 9C19 3.477 14.523-1 9-1v2a8 8 0 0 1 8 8h2zM9-1C3.477-1-1 3.477-1 9h2a8 8 0 0 1 8-8v-2zM-1 9c0 5.523 4.477 10 10 10v-2a8 8 0 0 1-8-8h-2z"
    fill="#008138"
  />
  <path
    d="M12.316 5l-4.062 5.477-1.55-2.165L5 9.495 8.223 14 14 6.21 12.316 5z"
    fill="#464646"
    fillRule="evenodd"
  />
</svg>
`;

exports[`renders <Checkcircle checked /> without throwing 1`] = `
<svg
  height="9"
  viewBox="0 0 9 9"
  width="9"
  xmlns="http://www.w3.org/2000/svg"
>
  <path
    d="M7.316 0L3.254 5.477l-1.55-2.165L0 4.495 3.223 9 9 1.21z"
    fillRule="evenodd"
  />
</svg>
`;

exports[`renders <Checkcircle fill checked /> without throwing 1`] = `
<svg
  height="18"
  viewBox="0 0 18 18"
  width="18"
  xmlns="http://www.w3.org/2000/svg"
>
  <path
    d="M9 18A9 9 0 1 0 9 0a9 9 0 0 0 0 18z"
    fill="#008138"
    fill-rule="evenodd"
  />
  <path
    d="M12.017 5l-3.896 5.336-1.487-2.109L5 9.379l3.091 4.389 5.541-7.589L12.017 5z"
    fill="#FFF"
    fill-rule="evenodd"
  />
</svg>
`;

exports[`renders <Chevron /> without throwing 1`] = `
<svg
  height="10"
  viewBox="0 0 6 10"
  width="6"
  xmlns="http://www.w3.org/2000/svg"
>
  <path
    d="M1.12 0L0 1.36 3.496 4.8 0 8.24 1.12 9.6 6 4.8 1.12 0z"
    fill="#464646"
    fillRule="evenodd"
    opacity=".5"
  />
</svg>
`;

exports[`renders <Close /> without throwing 1`] = `
<svg
  height="12"
  viewBox="0 0 12 12"
  width="12"
  xmlns="http://www.w3.org/2000/svg"
>
  <path
    d="M7.314 5.9l4.242-4.243L10.142.243 5.9 4.485 1.657.243.243 1.657l4.242 4.242-4.242 4.243 1.414 1.414 4.242-4.242 4.243 4.242 1.414-1.414L7.314 5.9z"
    fill="#464646"
    fillRule="evenodd"
  />
</svg>
`;

exports[`renders <Close light /> without throwing 1`] = `
<svg
  height="12"
  viewBox="0 0 12 12"
  width="12"
  xmlns="http://www.w3.org/2000/svg"
>
  <path
    d="M7.314 5.9l4.242-4.243L10.142.243 5.9 4.485 1.657.243.243 1.657l4.242 4.242-4.242 4.243 1.414 1.414 4.242-4.242 4.243 4.242 1.414-1.414L7.314 5.9z"
    fill="#FFF"
    fillRule="evenodd"
  />
</svg>
`;

exports[`renders <DataCenter /> without throwing 1`] = `
<svg
  height="13"
  viewBox="0 0 9 13"
  width="9"
  xmlns="http://www.w3.org/2000/svg"
>
  <path
    d="M0 13h9V0H0v13zm2-2h5V2H2v9zm1-7h3.001V3H3v1zm0 2h3.001V5H3v1zm0 2h3.001V7H3v1z"
    fill="#464646"
    fillRule="evenodd"
  />
</svg>
`;

exports[`renders <DataCenter light /> without throwing 1`] = `
<svg
  height="13"
  viewBox="0 0 9 13"
  width="9"
  xmlns="http://www.w3.org/2000/svg"
>
  <path
    d="M0 13h9V0H0v13zm2-2h5V2H2v9zm1-7h3.001V3H3v1zm0 2h3.001V5H3v1zm0 2h3.001V7H3v1z"
    fill="#FFF"
    fillRule="evenodd"
  />
</svg>
`;

exports[`renders <Dot red /> without throwing 1`] = `
.c0 {
  width: 0.375rem;
  height: 0.375rem;
  border-radius: 0.1875rem;
  display: inline-block;
}

<span
  className="c0"
/>
`;

exports[`renders <Health /> without throwing 1`] = `
<svg
  height="18"
  viewBox="0 0 18 18"
  width="18"
  xmlns="http://www.w3.org/2000/svg"
>
  <g
    fill-rule="evenodd"
  >
    <circle
      cx="9"
      cy="9"
      fill="#009858"
      r="9"
    />
    <path
      d="M9.477 6.603l-.522.443-.444-.443a2.056 2.056 0 1 0-2.908 2.909l3.352 3.352 3.412-3.352c.803-.804.863-2.106.06-2.91a2.105 2.105 0 0 0-2.95 0z"
      fill="#FFF"
    />
  </g>
</svg>
`;

exports[`renders <Health healthy={false} /> without throwing 1`] = `
<svg
  height="18"
  viewBox="0 0 18 18"
  width="18"
  xmlns="http://www.w3.org/2000/svg"
>
  <g
    fill-rule="evenodd"
  >
    <circle
      cx="9"
      cy="9"
      fill="#e38200"
      r="9"
    />
    <path
      d="M9.477 6.603l-.522.443-.444-.443a2.056 2.056 0 1 0-2.908 2.909l3.352 3.352 3.412-3.352c.803-.804.863-2.106.06-2.91a2.105 2.105 0 0 0-2.95 0z"
      fill="#FFF"
    />
  </g>
</svg>
`;

exports[`renders <Import /> without throwing 1`] = `
<svg
  height="24"
  viewBox="0 0 24 24"
  width="24"
  xmlns="http://www.w3.org/2000/svg"
  xmlnsXlink="http://www.w3.org/1999/xlink"
>
  <g
    transform="translate(-2061 2768)"
  >
    <clipPath
      clipRule="evenodd"
      id="a"
    >
      <path
        d="M2061-2768h24v24h-24v-24z"
        fill="#FFF"
      />
    </clipPath>
    <g
      clipPath="url(#a)"
    >
      <path
        d="M2061-2768h24v24h-24v-24z"
        fill="#FFF"
      />
      <use
        fill="#464646"
        transform="translate(2061 -2754)"
        xlinkHref="#b"
      />
      <use
        fill="#464646"
        transform="translate(2072 -2768)"
        xlinkHref="#c"
      />
      <use
        fill="#464646"
        transform="translate(2067.29 -2755)"
        xlinkHref="#d"
      />
    </g>
  </g>
  <defs>
    <path
      d="M0 0h2v8h20V0h2v10H0V0z"
      fillRule="evenodd"
      id="b"
    />
    <path
      d="M0 0h2v18H0V0z"
      fillRule="evenodd"
      id="c"
    />
    <path
      d="M1.414 0L0 1.414l4.295 4.292.655.658.759.756 5.705-5.705L10 0 5.707 4.293 1.414 0z"
      fillRule="evenodd"
      id="d"
    />
  </defs>
</svg>
`;

exports[`renders <Instances /> without throwing 1`] = `
<svg
  height="9"
  viewBox="0 0 18 9"
  width="18"
  xmlns="http://www.w3.org/2000/svg"
>
  <path
    d="M4.5 0a4.5 4.5 0 1 0 0 9 4.5 4.5 0 0 0 0-9m8.59 0c-.375 0-.739.047-1.09.12 2.184.456 3.818 2.239 3.818 4.38S14.184 8.424 12 8.88c.351.073.715.12 1.09.12C15.803 9 18 6.985 18 4.5S15.802 0 13.09 0M14 4.5C14 6.985 11.802 9 9.09 9c-.375 0-.739-.047-1.09-.12 2.184-.456 3.818-2.239 3.818-4.38S10.184.576 8 .12C8.351.047 8.715 0 9.09 0 11.803 0 14 2.015 14 4.5"
    fill="#464646"
    fillRule="evenodd"
  />
</svg>
`;

exports[`renders <Instances light /> without throwing 1`] = `
<svg
  height="9"
  viewBox="0 0 18 9"
  width="18"
  xmlns="http://www.w3.org/2000/svg"
>
  <path
    d="M4.5 0a4.5 4.5 0 1 0 0 9 4.5 4.5 0 0 0 0-9m8.59 0c-.375 0-.739.047-1.09.12 2.184.456 3.818 2.239 3.818 4.38S14.184 8.424 12 8.88c.351.073.715.12 1.09.12C15.803 9 18 6.985 18 4.5S15.802 0 13.09 0M14 4.5C14 6.985 11.802 9 9.09 9c-.375 0-.739-.047-1.09-.12 2.184-.456 3.818-2.239 3.818-4.38S10.184.576 8 .12C8.351.047 8.715 0 9.09 0 11.803 0 14 2.015 14 4.5"
    fill="#FFF"
    fillRule="evenodd"
  />
</svg>
`;

exports[`renders <Loading /> without throwing 1`] = `
<svg
  height="6"
  viewBox="0 0 24 6"
  width="24"
  xmlns="http://www.w3.org/2000/svg"
  xmlnsXlink="http://www.w3.org/1999/xlink"
>
  <use
    fill="#3b46cc"
    xlinkHref="#a"
  />
  <use
    fill="#3b46cc"
    opacity=".5"
    transform="translate(9)"
    xlinkHref="#a"
  />
  <use
    fill="#3b46cc"
    opacity=".25"
    transform="translate(18)"
    xlinkHref="#a"
  />
  <defs>
    <path
      d="M0 0h6v6H0V0z"
      fillRule="evenodd"
      id="a"
    />
  </defs>
</svg>
`;

exports[`renders <Minus /> without throwing 1`] = `
<svg
  height="2"
  viewBox="0 0 8 2"
  width="8"
  xmlns="http://www.w3.org/2000/svg"
>
  <path
    d="M0 0h8v2H0z"
    fill="#464646"
    fillRule="evenodd"
  />
</svg>
`;

exports[`renders <Minus light /> without throwing 1`] = `
<svg
  height="2"
  viewBox="0 0 8 2"
  width="8"
  xmlns="http://www.w3.org/2000/svg"
>
  <path
    d="M0 0h8v2H0z"
    fill="#FFF"
    fillRule="evenodd"
  />
</svg>
`;

exports[`renders <Minus light /> without throwing 2`] = `
<svg
  height="2"
  viewBox="0 0 8 2"
  width="8"
  xmlns="http://www.w3.org/2000/svg"
>
  <path
    d="M0 0h8v2H0z"
    fill="#FFF"
    fillRule="evenodd"
  />
</svg>
`;

exports[`renders <Package /> without throwing 1`] = `
<svg
  height="22"
  viewBox="0 0 24 22"
  width="24"
  xmlns="http://www.w3.org/2000/svg"
>
  <path
    d="M10.139.001a.539.539 0 0 0-.12.034L1.574 3.377c-.293.115-.43.52-.272.794l1.64 2.806L.17 9.403c-.284.244-.2.789.144.932l2.787 1.174v5.794c.014.349.156.51.434.63l9.365 3.686a.543.543 0 0 0 .425-.008l8.013-3.704c.287-.16.337-.279.366-.604v-5.569l1.461-.803a.579.579 0 0 0 .221-.742l-1.555-2.996 2.031-2.133c.254-.263.137-.781-.204-.906L14.813.924A.536.536 0 0 0 14.65.9a.544.544 0 0 0-.357.112l-2.2 1.744L10.69.27A.554.554 0 0 0 10.19 0h-.051zm-.162 1.235l1.181 2.08-7.282 3.082-1.31-2.227 7.411-2.935zm4.75.837l7.768 2.832-1.479 1.545-7.988-3.039 1.7-1.338zM11.95 4.18l7.792 2.97-6.653 3.073L5.099 7.08l6.85-2.9zm-8.21 3.557l8.27 3.246-2.567 2.02-7.895-3.341L3.74 7.737zm17.175.077l1.258 2.41-6.654 3.66-1.64-2.815 7.036-3.255zm-8.353 4.136v8.349L4.19 17v-5.024l5.133 2.167a.547.547 0 0 0 .535-.07l2.703-2.123zm8.056.388v4.688l-6.969 3.22v-7.39l1.199 2.046a.56.56 0 0 0 .73.208l5.04-2.772z"
    fill="#464646"
    fillRule="evenodd"
  />
</svg>
`;

exports[`renders <Package light /> without throwing 1`] = `
<svg
  height="22"
  viewBox="0 0 24 22"
  width="24"
  xmlns="http://www.w3.org/2000/svg"
>
  <path
    d="M10.139.001a.539.539 0 0 0-.12.034L1.574 3.377c-.293.115-.43.52-.272.794l1.64 2.806L.17 9.403c-.284.244-.2.789.144.932l2.787 1.174v5.794c.014.349.156.51.434.63l9.365 3.686a.543.543 0 0 0 .425-.008l8.013-3.704c.287-.16.337-.279.366-.604v-5.569l1.461-.803a.579.579 0 0 0 .221-.742l-1.555-2.996 2.031-2.133c.254-.263.137-.781-.204-.906L14.813.924A.536.536 0 0 0 14.65.9a.544.544 0 0 0-.357.112l-2.2 1.744L10.69.27A.554.554 0 0 0 10.19 0h-.051zm-.162 1.235l1.181 2.08-7.282 3.082-1.31-2.227 7.411-2.935zm4.75.837l7.768 2.832-1.479 1.545-7.988-3.039 1.7-1.338zM11.95 4.18l7.792 2.97-6.653 3.073L5.099 7.08l6.85-2.9zm-8.21 3.557l8.27 3.246-2.567 2.02-7.895-3.341L3.74 7.737zm17.175.077l1.258 2.41-6.654 3.66-1.64-2.815 7.036-3.255zm-8.353 4.136v8.349L4.19 17v-5.024l5.133 2.167a.547.547 0 0 0 .535-.07l2.703-2.123zm8.056.388v4.688l-6.969 3.22v-7.39l1.199 2.046a.56.56 0 0 0 .73.208l5.04-2.772z"
    fill="#FFF"
    fillRule="evenodd"
  />
</svg>
`;

exports[`renders <Plus /> without throwing 1`] = `
<svg
  height="8"
  viewBox="0 0 8 8"
  width="8"
  xmlns="http://www.w3.org/2000/svg"
>
  <path
    d="M3 3H0v2h3v3h2V5h3V3H5V0H3v3z"
    fill="#464646"
    fillRule="evenodd"
  />
</svg>
`;

exports[`renders <Plus light /> without throwing 1`] = `
<svg
  height="8"
  viewBox="0 0 8 8"
  width="8"
  xmlns="http://www.w3.org/2000/svg"
>
  <path
    d="M3 3H0v2h3v3h2V5h3V3H5V0H3v3z"
    fill="#FFF"
    fillRule="evenodd"
  />
</svg>
`;

exports[`renders <Triton /> without throwing 1`] = `
<svg
  height="19"
  viewBox="0 0 105 19"
  width="105"
  xmlns="http://www.w3.org/2000/svg"
>
  <path
    d="M81 9.502C81 4.256 76.747.004 71.5.004V0C66.253.002 62 4.256 62 9.502S66.253 19 71.5 19 81 14.748 81 9.502zM16.227 1H.773A.773.773 0 0 0 0 1.772v3.094c0 .426.346.772.773.772h4.61c.421 0 .765.336.773.756v10.834c0 .426.346.772.773.772h3.093a.773.773 0 0 0 .773-.772V6.394c0-.426.346-.772.773-.772h4.68a.773.773 0 0 0 .752-.76v-3.09A.773.773 0 0 0 16.227 1zM33 1.772v3.094c0 .426-.35.772-.783.772h-6.723a.778.778 0 0 0-.784.773v10.817c0 .426-.35.772-.783.772h-3.14a.788.788 0 0 1-.726-.472.763.763 0 0 1-.061-.3V5.634C20.002 3.074 22.107 1 24.702 1h7.515c.432 0 .783.346.783.772zM40.167 1h-3.334c-.46 0-.833.346-.833.772v15.456c0 .426.373.772.833.772h3.334c.46 0 .833-.346.833-.772V1.772c0-.426-.373-.772-.833-.772zm3.605 0h15.456c.426 0 .772.346.772.772V4.85a.772.772 0 0 1-.772.772h-4.662a.772.772 0 0 0-.772.772v10.833a.772.772 0 0 1-.772.773H49.93a.775.775 0 0 1-.784-.773V6.394a.772.772 0 0 0-.772-.756h-4.6A.772.772 0 0 1 43 4.866V1.772c0-.426.346-.772.772-.772zM84 1.772A.77.77 0 0 1 84.77 1h11.61c2.55 0 4.618 2.074 4.62 4.634v11.594a.77.77 0 0 1-.769.772H97.15a.77.77 0 0 1-.77-.772V6.394a.77.77 0 0 0-.765-.772H89.39a.77.77 0 0 0-.77.772v10.834a.77.77 0 0 1-.769.772h-3.08a.77.77 0 0 1-.77-.772V1.772zM71.5 5a4.5 4.5 0 1 0 0 9 4.5 4.5 0 0 0 0-9zm31.112-3.854H103v.84h.314v-.753l.551.767.253-.014.551-.764v.764H105V1h-.446l-.551.767L103.49 1H102v.146h.388V2h.228l-.004-.854z"
    fill="#FDFDFD"
    fillRule="evenodd"
  />
</svg>
`;

exports[`renders <Triton beta /> without throwing 1`] = `
<svg
  height="30"
  version="1.1"
  viewBox="0 0 105 30"
  width="105"
  xmlns="http://www.w3.org/2000/svg"
  xmlnsXlink="http://www.w3.org/1999/xlink"
>
  <g
    id="Canvas"
    transform="translate(26223 1404)"
  >
    <g
      id="Group"
    >
      <g
        id="Beta"
      >
        <use
          fill="#FFFFFF"
          transform="translate(-26177 -1383)"
          xlinkHref="#path0_fill"
        />
      </g>
      <g
        id="logo"
      >
        <use
          fill="#FDFDFD"
          transform="translate(-26223 -1404)"
          xlinkHref="#path1_fill"
        />
      </g>
    </g>
  </g>
  <defs>
    <path
      d="M 33.7583 0.147461L 35.9766 0.147461C 37.0186 0.147461 37.7723 0.303223 38.2378 0.614746C 38.7033 0.92627 38.936 1.41862 38.936 2.0918C 38.936 2.55729 38.8053 2.94222 38.5439 3.24658C 38.2861 3.54736 37.9084 3.74251 37.4106 3.83203L 37.4106 3.88574C 38.603 4.08984 39.1992 4.71647 39.1992 5.76562C 39.1992 6.46745 38.9611 7.0153 38.4849 7.40918C 38.0122 7.80306 37.3498 8 36.4976 8L 33.7583 8L 33.7583 0.147461ZM 34.6714 3.50977L 36.1753 3.50977C 36.8198 3.50977 37.2835 3.40951 37.5664 3.20898C 37.8493 3.00488 37.9907 2.66292 37.9907 2.18311C 37.9907 1.74268 37.8332 1.42578 37.5181 1.23242C 37.203 1.03548 36.7017 0.937012 36.0142 0.937012L 34.6714 0.937012L 34.6714 3.50977ZM 34.6714 4.2832L 34.6714 7.22119L 36.3096 7.22119C 36.9434 7.22119 37.4196 7.09945 37.7383 6.85596C 38.0605 6.60889 38.2217 6.22396 38.2217 5.70117C 38.2217 5.21419 38.057 4.85612 37.7275 4.62695C 37.4017 4.39779 36.904 4.2832 36.2344 4.2832L 34.6714 4.2832ZM 43.2437 8.10742C 42.3735 8.10742 41.686 7.84245 41.1812 7.3125C 40.6799 6.78255 40.4292 6.04671 40.4292 5.10498C 40.4292 4.15609 40.6619 3.40234 41.1274 2.84375C 41.5965 2.28516 42.2249 2.00586 43.0127 2.00586C 43.7503 2.00586 44.334 2.24935 44.7637 2.73633C 45.1934 3.21973 45.4082 3.85889 45.4082 4.65381L 45.4082 5.21777L 41.353 5.21777C 41.3709 5.90885 41.5446 6.43343 41.874 6.7915C 42.207 7.14958 42.6743 7.32861 43.2759 7.32861C 43.9097 7.32861 44.5363 7.19613 45.1558 6.93115L 45.1558 7.72607C 44.8407 7.86214 44.5417 7.95882 44.2588 8.01611C 43.9795 8.07699 43.6411 8.10742 43.2437 8.10742ZM 43.002 2.75244C 42.5293 2.75244 42.1515 2.90641 41.8687 3.21436C 41.5894 3.5223 41.4246 3.94841 41.3745 4.49268L 44.4521 4.49268C 44.4521 3.9305 44.3268 3.50081 44.0762 3.20361C 43.8255 2.90283 43.4674 2.75244 43.002 2.75244ZM 48.835 7.37158C 48.9925 7.37158 49.1447 7.36084 49.2915 7.33936C 49.4383 7.31429 49.5547 7.28923 49.6406 7.26416L 49.6406 7.94629C 49.5439 7.99284 49.4007 8.03044 49.2109 8.05908C 49.0247 8.09131 48.8564 8.10742 48.7061 8.10742C 47.5674 8.10742 46.998 7.50765 46.998 6.30811L 46.998 2.80615L 46.1548 2.80615L 46.1548 2.37646L 46.998 2.00586L 47.374 0.749023L 47.8896 0.749023L 47.8896 2.11328L 49.5977 2.11328L 49.5977 2.80615L 47.8896 2.80615L 47.8896 6.27051C 47.8896 6.625 47.9738 6.89714 48.1421 7.08691C 48.3104 7.27669 48.5413 7.37158 48.835 7.37158ZM 54.4424 8L 54.2651 7.16211L 54.2222 7.16211C 53.9285 7.53092 53.6349 7.78158 53.3413 7.91406C 53.0513 8.04297 52.6878 8.10742 52.251 8.10742C 51.6673 8.10742 51.209 7.95703 50.876 7.65625C 50.5465 7.35547 50.3818 6.92757 50.3818 6.37256C 50.3818 5.18376 51.3325 4.56071 53.2339 4.50342L 54.2329 4.47119L 54.2329 4.10596C 54.2329 3.64404 54.1326 3.30387 53.9321 3.08545C 53.7352 2.86344 53.4183 2.75244 52.9814 2.75244C 52.4909 2.75244 51.9359 2.90283 51.3164 3.20361L 51.0425 2.52148C 51.3325 2.36393 51.6494 2.2404 51.9932 2.15088C 52.3405 2.06136 52.6878 2.0166 53.0352 2.0166C 53.737 2.0166 54.2562 2.17236 54.5928 2.48389C 54.9329 2.79541 55.103 3.29492 55.103 3.98242L 55.103 8L 54.4424 8ZM 52.4282 7.37158C 52.9832 7.37158 53.4183 7.2194 53.7334 6.91504C 54.0521 6.61068 54.2114 6.18457 54.2114 5.63672L 54.2114 5.10498L 53.3198 5.14258C 52.6108 5.16764 52.0988 5.27865 51.7837 5.47559C 51.4722 5.66895 51.3164 5.97152 51.3164 6.3833C 51.3164 6.70557 51.4131 6.95085 51.6064 7.11914C 51.8034 7.28743 52.0773 7.37158 52.4282 7.37158Z"
      id="path0_fill"
    />
    <path
      d="M 81 9.49793C 81 4.25232 76.7461 5.90949e-07 71.5 5.90949e-07C 66.252 -0.00183046 62 4.25171 62 9.49793C 62 14.7435 66.2539 18.9958 71.5 18.9958C 76.7461 18.9958 81 14.7435 81 9.49793ZM 16.2266 0.99585L 0.773438 0.99585C 0.345703 0.99585 0 1.34168 0 1.76819L 0 4.86169C 0 5.09143 0.0996094 5.29773 0.259766 5.43921C 0.308594 5.48181 0.361328 5.51856 0.417969 5.54822C 0.523438 5.60303 0.644531 5.63403 0.773438 5.63403L 5.38281 5.63403C 5.80469 5.63391 6.14844 5.96997 6.15625 6.39026L 6.15625 17.2235C 6.15625 17.4979 6.29883 17.739 6.51562 17.876C 6.56445 17.9071 6.61719 17.9327 6.67383 17.9523L 6.78906 17.983C 6.83398 17.9915 6.88086 17.9958 6.92969 17.9958L 10.0215 17.9958C 10.4492 17.9958 10.7949 17.65 10.7949 17.2235L 10.7949 6.39026C 10.7949 5.96362 11.1406 5.61792 11.5684 5.61792L 16.248 5.61792C 16.4941 5.61145 16.7109 5.48962 16.8477 5.30469C 16.9414 5.17932 16.998 5.0249 17 4.85767L 17 1.76819C 17 1.34168 16.6543 0.99585 16.2266 0.99585ZM 33 1.76819L 33 4.86169C 33 5.28821 32.6504 5.63403 32.2168 5.63403L 25.4941 5.63403C 25.0605 5.63403 24.7109 5.97986 24.7109 6.40637L 24.7109 17.2235C 24.7109 17.65 24.3594 17.9958 23.9277 17.9958L 20.7871 17.9958C 20.5781 17.9969 20.3789 17.916 20.2305 17.771C 20.084 17.6261 20 17.4291 20 17.2235L 20 5.63001C 20.002 3.06995 22.1074 0.99585 24.7031 0.99585L 32.2168 0.99585C 32.6504 0.99585 33 1.34168 33 1.76819ZM 40.1719 0.99585L 36.834 0.99585C 36.6113 0.99585 36.4102 1.07593 36.2598 1.20654C 36.2188 1.24182 36.1816 1.28076 36.1504 1.32275L 36.0938 1.40906C 36.0352 1.51636 36 1.63855 36 1.76819L 36 17.2235C 36 17.65 36.373 17.9958 36.834 17.9958L 40.166 17.9958C 40.627 17.9958 41 17.65 41 17.2235L 41 1.76819C 41 1.34168 40.627 0.99585 40.1719 0.99585ZM 43.7715 0.99585L 59.2207 0.99585C 59.3535 0.99585 59.4785 1.02844 59.5879 1.08594C 59.7109 1.15112 59.8145 1.24829 59.8867 1.36633C 59.959 1.4834 60 1.62097 60 1.76819L 60 4.84546C 60 5.2721 59.6543 5.6178 59.2285 5.6178L 54.5664 5.6178C 54.1406 5.6178 53.7949 5.96362 53.7949 6.39026L 53.7949 17.2234C 53.7949 17.4678 53.6816 17.6857 53.5039 17.8271C 53.373 17.9326 53.2051 17.9957 53.0215 17.9957L 49.9297 17.9957C 49.7227 17.999 49.5234 17.9191 49.375 17.7739C 49.3105 17.7108 49.2598 17.6377 49.2207 17.5582C 49.1719 17.4547 49.1445 17.3405 49.1445 17.2234L 49.1445 6.39026C 49.1367 5.96997 48.793 5.63391 48.373 5.63403L 43.7715 5.63403C 43.3457 5.63403 43 5.28821 43 4.86169L 43 1.76819C 43 1.34168 43.3457 0.99585 43.7715 0.99585ZM 84 1.76819C 84 1.34168 84.3438 0.99585 84.7695 0.99585L 96.3809 0.99585C 98.9297 0.99585 100.998 3.06995 101 5.63001L 101 17.2235C 101 17.65 100.656 17.9958 100.23 17.9958L 97.1504 17.9958C 97.0039 17.9958 96.8691 17.9552 96.752 17.8846C 96.7148 17.8619 96.6797 17.8362 96.6465 17.8076C 96.584 17.7534 96.5312 17.6895 96.4883 17.618C 96.4199 17.5026 96.3809 17.3677 96.3809 17.2235L 96.3809 6.39026C 96.3809 5.96521 96.0391 5.62012 95.6152 5.61792L 89.3887 5.61792C 88.9648 5.61792 88.6191 5.96362 88.6191 6.39026L 88.6191 17.2235C 88.6191 17.65 88.2754 17.9958 87.8496 17.9958L 84.7695 17.9958C 84.5996 17.9958 84.4434 17.9408 84.3164 17.8474C 84.125 17.7069 84 17.4799 84 17.2235L 84 1.76819ZM 71.5 4.99585C 69.0156 4.99585 67 7.01062 67 9.49585C 67 11.9811 69.0156 13.9959 71.5 13.9959C 73.9844 13.9959 76 11.9811 76 9.49585C 75.998 7.01148 73.9844 4.99817 71.5 4.99585ZM 102.613 1.14209L 103 1.14209L 103 1.98145L 103.314 1.98145L 103.314 1.40503L 103.314 1.22925L 103.865 1.99585L 104.119 1.98145L 104.67 1.21777L 104.67 1.40503L 104.67 1.98145L 105 1.98145L 105 0.99585L 104.555 0.99585L 104.002 1.76245L 103.49 0.99585L 103 0.99585L 102 0.99585L 102 1.14209L 102.387 1.14209L 102.387 1.99585L 102.617 1.99585L 102.613 1.14209Z"
      fillRule="evenodd"
      id="path1_fill"
    />
  </defs>
</svg>
`;

exports[`renders <User /> without throwing 1`] = `
<svg
  height="12"
  viewBox="0 0 12 12"
  width="12"
  xmlns="http://www.w3.org/2000/svg"
>
  <path
    d="M12 12H0a5.958 5.958 0 0 1 1.485-3.552 1.368 1.368 0 0 1 1.726-.296 4.83 4.83 0 0 0 5.201-.248 1.384 1.384 0 0 1 1.75.152A5.968 5.968 0 0 1 12 12zM5.619 0a3.205 3.205 0 0 0-3.211 3.2c0 1.768 1.42 4 3.21 4s3.211-2.232 3.211-4A3.204 3.204 0 0 0 5.62 0z"
    fill="#464646"
  />
</svg>
`;
