// Jest Snapshot v1, https://goo.gl/fbAQLP

exports[`renders <withNotFound /> without throwing 1`] = `<withNotFound />`;
