// Jest Snapshot v1, https://goo.gl/fbAQLP

exports[`renders <Package /> without throwing 1`] = `
.c4 {
  font-size: 0.9375rem;
  line-height: 1.5;
  font-family: "Libre Franklin",-apple-system,BlinkMacSystemFont,"Segoe UI",Roboto,Oxygen-Sans,Ubuntu,Cantarell,Helvetica,sans-serif;
  font-weight: 600;
  display: -webkit-box;
  display: -webkit-flex;
  display: -ms-flexbox;
  display: flex;
  -webkit-flex-direction: row;
  -ms-flex-direction: row;
  flex-direction: row;
  -webkit-box-pack: start;
  -webkit-justify-content: flex-start;
  -ms-flex-pack: start;
  justify-content: flex-start;
  -webkit-flex-grow: 2;
  -ms-flex-grow: 2;
  flex-grow: 2;
  -webkit-flex-basis: 5.625rem;
  -ms-flex-basis: 5.625rem;
  flex-basis: 5.625rem;
  width: 100%;
  padding: 0.75rem 1.125rem 0 1.125rem;
  -webkit-transition: all 300ms ease;
  transition: all 300ms ease;
}

.c5 {
  display: inline-block;
  -webkit-flex-direction: column;
  -ms-flex-direction: column;
  flex-direction: column;
  -webkit-box-pack: center;
  -webkit-justify-content: center;
  -ms-flex-pack: center;
  justify-content: center;
}

.c1 {
  box-sizing: border-box;
  display: -webkit-box;
  display: -webkit-flex;
  display: -ms-flexbox;
  display: flex;
  -webkit-flex: 0 1 auto;
  -ms-flex: 0 1 auto;
  flex: 0 1 auto;
  -webkit-flex-direction: row;
  -ms-flex-direction: row;
  flex-direction: row;
  -webkit-flex-wrap: wrap;
  -ms-flex-wrap: wrap;
  flex-wrap: wrap;
  margin-right: -0.5rem;
  margin-left: -0.5rem;
  position: relative;
  height: auto;
  min-height: 7.875rem;
  margin-bottom: 0.625rem;
  border: 0.0625rem solid;
  box-shadow: 0 0.125rem 0 0 rgba(0,0,0,0.05);
  -webkit-flex-direction: column;
  -ms-flex-direction: column;
  flex-direction: column;
  margin-right: 0rem;
  margin-left: 0rem;
  border-radius: 4px;
  border: 1px solid;
  box-shadow: 0px 2px 0px rgba(0,0,0,0.05);
  min-height: 11.5625rem;
  min-width: 292px;
  cursor: pointer;
  -webkit-transition: all 300ms ease;
  transition: all 300ms ease;
}

.c3 {
  font-weight: 600;
  font-size: 0.9375rem;
  color: #808080;
  -webkit-flex-basis: 0;
  -ms-flex-basis: 0;
  flex-basis: 0;
  display: -webkit-box;
  display: -webkit-flex;
  display: -ms-flexbox;
  display: flex;
  -webkit-align-items: center;
  -webkit-box-align: center;
  -ms-flex-align: center;
  align-items: center;
  -webkit-box-pack: center;
  -webkit-justify-content: center;
  -ms-flex-pack: center;
  justify-content: center;
  -webkit-flex-grow: 0;
  -ms-flex-grow: 0;
  flex-grow: 0;
  margin-bottom: 0.5rem;
}

.c6 {
  font-weight: normal;
}

.c0 {
  -webkit-flex-direction: column;
  -ms-flex-direction: column;
  flex-direction: column;
  -webkit-box-pack: center;
  -webkit-justify-content: center;
  -ms-flex-pack: center;
  justify-content: center;
  -webkit-align-items: center;
  -webkit-box-align: center;
  -ms-flex-align: center;
  align-items: center;
  display: -webkit-box;
  display: -webkit-flex;
  display: -ms-flexbox;
  display: flex;
}

.c2 {
  margin-bottom: 18px;
}

<div
  className="c0 c1"
  name="card"
>
  <test-file-mock
    alt="Cloud"
    className="c2"
    width="175"
  />
  <div
    className="c3 c4"
    name="card-title"
  >
    <span
      className="c5"
    >
      There are no packages that meet your criteria
    </span>
  </div>
  <div
    className="c6 c3 c4"
    name="card-title"
  >
    <span
      className="c5"
    >
      Please adjust the filters to see some packages here
    </span>
  </div>
</div>
`;
