// Jest Snapshot v1, https://goo.gl/fbAQLP

exports[`renders <NotFound /> without throwing 1`] = `
.c5 {
  font-weight: 400;
  line-height: 1.5rem;
  font-size: 0.9375rem;
  margin: 0;
}

.c5 + p,
.c5 + small,
.c5 + h1,
.c5 + h2,
.c5 + label,
.c5 + h3,
.c5 + h4,
.c5 + h5,
.c5 + div,
.c5 + span {
  padding-bottom: 2.25rem;
}

.c6 {
  display: inline-block;
  box-sizing: border-box;
  display: inline-block;
  -webkit-box-pack: center;
  -webkit-justify-content: center;
  -ms-flex-pack: center;
  justify-content: center;
  -webkit-align-items: center;
  -webkit-box-align: center;
  -ms-flex-align: center;
  align-items: center;
  margin: 0;
  padding: 0.9375rem 1.125rem;
  position: relative;
  font-weight: 400;
  font-size: 0.9375rem;
  text-align: center;
  font-style: normal;
  font-stretch: normal;
  line-height: normal;
  -webkit-letter-spacing: normal;
  -moz-letter-spacing: normal;
  -ms-letter-spacing: normal;
  letter-spacing: normal;
  text-decoration: none;
  white-space: nowrap;
  vertical-align: middle;
  touch-action: manipulation;
  cursor: pointer;
  background-image: none;
  border-radius: 0.25rem;
  border: solid 0.0625rem;
}

.c6:focus {
  outline: 0;
  text-decoration: none;
}

.c6:hover {
  border: solid 0.0625rem;
}

.c6:active,
.c6:active:hover,
.c6:active:focus {
  background-image: none;
  outline: 0;
}

.c6[disabled] {
  cursor: not-allowed;
  pointer-events: none;
}

.c0 {
  margin-right: auto;
  margin-left: auto;
}

.c3 {
  font-size: 2rem;
  margin: 0.625rem 0;
  margin: 0;
  font-weight: 400;
  font-size: 2.25rem;
  line-height: 2.8125rem;
  font-style: normal;
  font-stretch: normal;
}

.c3 + p,
.c3 + small,
.c3 + h1,
.c3 + h2,
.c3 + label,
.c3 + h3,
.c3 + h4,
.c3 + h5,
.c3 + div,
.c3 + span {
  margin-top: 1.5rem;
}

.c1 {
  margin-top: 3.75rem;
}

.c2 {
  font-weight: normal;
  font-size: 2rem;
}

.c4 {
  margin-bottom: 1.875rem;
  max-width: 30.625rem;
}

@media only screen and (min-width:48em) {
  .c0 {
    width: 46rem;
  }
}

@media only screen and (min-width:64em) {
  .c0 {
    width: 61rem;
  }
}

@media only screen and (min-width:75em) {
  .c0 {
    width: 76rem;
  }
}

@media only screen and (max-width:48rem) {
  .c0 {
    padding-left: 0.375rem;
    padding-right: 0.375rem;
  }
}

<div
  className="c0"
>
  <div
    className="c1"
  >
    <h1
      className="c2 c3"
    >
      I have no memory of this place
    </h1>
    <p
      className="c4 c5"
    >
      HTTP 404: We canâ€™t find what you are looking for. Next time, always follow your nose.
    </p>
    <a
      className="c6"
      href="/"
      onClick={[Function]}
      primary={true}
    >
      Back home
    </a>
  </div>
</div>
`;
